
optiboot_attiny441.elf:     file format elf32-avr

Sections:
Idx Name          Size      VMA       LMA       File off  Algn
  0 .data         00000000  00800100  00000fea  000002fe  2**0
                  CONTENTS, ALLOC, LOAD, DATA
  1 .text         0000026a  00000d80  00000d80  00000094  2**1
                  CONTENTS, ALLOC, LOAD, READONLY, CODE
  2 .version      00000002  00000ffe  00000ffe  000002fe  2**0
                  CONTENTS, ALLOC, LOAD, READONLY, DATA
  3 .comment      00000011  00000000  00000000  00000300  2**0
                  CONTENTS, READONLY
  4 .debug_aranges 00000030  00000000  00000000  00000311  2**0
                  CONTENTS, READONLY, DEBUGGING
  5 .debug_info   0000065c  00000000  00000000  00000341  2**0
                  CONTENTS, READONLY, DEBUGGING
  6 .debug_abbrev 000002a2  00000000  00000000  0000099d  2**0
                  CONTENTS, READONLY, DEBUGGING
  7 .debug_line   000003df  00000000  00000000  00000c3f  2**0
                  CONTENTS, READONLY, DEBUGGING
  8 .debug_frame  0000009c  00000000  00000000  00001020  2**2
                  CONTENTS, READONLY, DEBUGGING
  9 .debug_str    00000201  00000000  00000000  000010bc  2**0
                  CONTENTS, READONLY, DEBUGGING
 10 .debug_loc    00000375  00000000  00000000  000012bd  2**0
                  CONTENTS, READONLY, DEBUGGING
 11 .debug_ranges 000000a0  00000000  00000000  00001632  2**0
                  CONTENTS, READONLY, DEBUGGING

Disassembly of section .text:

00000d80 <pre_main>:
/* everything that needs to run VERY early */
void pre_main(void) {
  // Allow convenient way of calling do_spm function - jump table,
  //   so entry to this function will always be here, independent of compilation,
  //   features etc
  asm volatile (
 d80:	01 c0       	rjmp	.+2      	; 0xd84 <main>
 d82:	2a c1       	rjmp	.+596    	; 0xfd8 <do_spm>

00000d84 <main>:
  //  SP points to RAMEND
  //  r1 contains zero
  //
  // If not, uncomment the following instructions:
  // cli();
  asm volatile ("clr __zero_reg__");
 d84:	11 24       	eor	r1, r1
   *
   * Code by MarkG55
   * see discussion in https://github.com/Optiboot/optiboot/issues/97
   */

  ch = MCUSTATUSREG;
 d86:	84 b7       	in	r24, 0x34	; 52

  // Skip all logic and run bootloader if MCUSR is cleared (application request)
  if (ch != 0) {
 d88:	88 23       	and	r24, r24
 d8a:	71 f0       	breq	.+28     	; 0xda8 <main+0x24>
     * an external reset - only useful in combination with above,
     * for some unusual use cases.
     *
     */
#if (!(defined(START_APP_ON_EXTR)||defined(NO_START_APP_ON_POR))) //normal behavior
    if ((ch & (_BV(WDRF) | _BV(EXTRF))) != _BV(EXTRF)) {                      // Run app if EXTRF not set, or WDRF and EXTRF set
 d8c:	98 2f       	mov	r25, r24
 d8e:	9a 70       	andi	r25, 0x0A	; 10
 d90:	92 30       	cpi	r25, 0x02	; 2
 d92:	51 f0       	breq	.+20     	; 0xda8 <main+0x24>
      if (ch & _BV(EXTRF)) {                                                  // Both WDRF and EXTRF are set
 d94:	81 ff       	sbrs	r24, 1
 d96:	02 c0       	rjmp	.+4      	; 0xd9c <main+0x18>
         * It's also needed to avoid loop by broken application which could
         * prevent entering bootloader.
         * '&' operation is skipped to spare few bytes as bits in MCUSR
         * can only be cleared.
         */
        MCUSTATUSREG = ~(_BV(WDRF));
 d98:	97 ef       	ldi	r25, 0xF7	; 247
 d9a:	94 bf       	out	0x34, r25	; 52
      /*
       * save the reset flags in the designated register
       * This can be saved in a main program by putting code in .init0 (which
       * executes before normal c init code) to save R2 to a global variable.
       */
      __asm__ __volatile__ ("mov r2, %0\n" :: "r" (ch));
 d9c:	28 2e       	mov	r2, r24

      // switch off watchdog
      watchdogConfig(WATCHDOG_OFF);
 d9e:	80 e0       	ldi	r24, 0x00	; 0
 da0:	07 d1       	rcall	.+526    	; 0xfb0 <watchdogConfig>
      // Note that appstart_vec is defined so that this works with either
      // real or virtual boot partitions.
       __asm__ __volatile__ (
 da2:	ee e0       	ldi	r30, 0x0E	; 14
 da4:	ff 27       	eor	r31, r31
 da6:	09 94       	ijmp
#elif defined(__AVR_ATtiny25__)||defined(__AVR_ATtiny45__)||defined(__AVR_ATtiny85__)
  TCCR1 = 0x0E; //div 8196 - it's an 8-bit timer.
#elif defined(__AVR_ATtiny43__)
  #error "LED flash for Tiny43 not yet supported"
#else
  TCCR1B = _BV(CS12) | _BV(CS10); // div 1024
 da8:	85 e0       	ldi	r24, 0x05	; 5
 daa:	8e bd       	out	0x2e, r24	; 46
  LINBTR = (1 << LDISR) | (8 << LBT0);
  LINCR = _BV(LENA) | _BV(LCMD2) | _BV(LCMD1) | _BV(LCMD0);
  LINDAT=0;
    #else
      #ifndef SINGLESPEED
  UART_SRA = _BV(U2X0); //Double speed mode USART0
 dac:	82 e0       	ldi	r24, 0x02	; 2
 dae:	80 93 96 00 	sts	0x0096, r24	; 0x800096 <__EEPROM_REGION_LENGTH__+0x7f0096>
      #endif
  UART_SRB = _BV(RXEN0) | _BV(TXEN0);
 db2:	88 e1       	ldi	r24, 0x18	; 24
 db4:	80 93 95 00 	sts	0x0095, r24	; 0x800095 <__EEPROM_REGION_LENGTH__+0x7f0095>
  UART_SRC = _BV(UCSZ00) | _BV(UCSZ01);
 db8:	86 e0       	ldi	r24, 0x06	; 6
 dba:	80 93 94 00 	sts	0x0094, r24	; 0x800094 <__EEPROM_REGION_LENGTH__+0x7f0094>
  UART_SRL = (uint8_t)BAUD_SETTING;
 dbe:	85 e1       	ldi	r24, 0x15	; 21
 dc0:	80 93 91 00 	sts	0x0091, r24	; 0x800091 <__EEPROM_REGION_LENGTH__+0x7f0091>
  RS485_PORT &= ~_BV(RS485);
  #endif
#endif

  // Set up watchdog to trigger after 1s
  watchdogConfig(WDTPERIOD);
 dc4:	8e e0       	ldi	r24, 0x0E	; 14
 dc6:	f4 d0       	rcall	.+488    	; 0xfb0 <watchdogConfig>

#if (LED_START_FLASHES > 0) || defined(LED_DATA_FLASH) || defined(LED_START_ON)
  /* Set LED pin as output */
  LED_DDR |= _BV(LED);
 dc8:	ba 9a       	sbi	0x17, 2	; 23
  putch(STK_INSYNC);
}

#if LED_START_FLASHES > 0
void flash_led(uint8_t count) {
    LED_PIN |= _BV(LED);
 dca:	b2 9a       	sbi	0x16, 2	; 22
 dcc:	86 e0       	ldi	r24, 0x06	; 6
        TIFR = _BV(TOV1);
        while(!(TIFR & _BV(TOV1)));
    #elif defined(__AVR_ATtiny43__)
        #error "LED flash for Tiny43 not yet supported"
    #else
        TCNT1 = -(F_CPU/(1024*16));
 dce:	2c e3       	ldi	r18, 0x3C	; 60
 dd0:	3b ef       	ldi	r19, 0xFB	; 251
        TIFR1 = _BV(TOV1);
 dd2:	91 e0       	ldi	r25, 0x01	; 1
        TIFR = _BV(TOV1);
        while(!(TIFR & _BV(TOV1)));
    #elif defined(__AVR_ATtiny43__)
        #error "LED flash for Tiny43 not yet supported"
    #else
        TCNT1 = -(F_CPU/(1024*16));
 dd4:	3d bd       	out	0x2d, r19	; 45
 dd6:	2c bd       	out	0x2c, r18	; 44
        TIFR1 = _BV(TOV1);
 dd8:	9e b9       	out	0x0e, r25	; 14
        while(!(TIFR1 & _BV(TOV1)));
 dda:	70 9b       	sbis	0x0e, 0	; 14
 ddc:	fe cf       	rjmp	.-4      	; 0xdda <main+0x56>
    defined(__AVR_ATmega8535__) || defined(__AVR_ATmega16__)   ||    \
    defined(__AVR_ATmega162__)  || defined(__AVR_ATmega32__)   ||    \
    defined(__AVR_ATmega64__)   || defined(__AVR_ATmega128__)
    LED_PORT ^= _BV(LED);
#else
    LED_PIN |= _BV(LED);
 dde:	b2 9a       	sbi	0x16, 2	; 22
}
#endif

// Watchdog functions. These are only safe with interrupts turned off.
void watchdogReset() {
  __asm__ __volatile__ (
 de0:	a8 95       	wdr
     *  by the UART hardware, avrdude sends several attempts in rather
     *  quick succession, some of which will be lost and cause us to
     *  get out of sync.  So if we see any data; stop blinking.
     */
#ifndef LIN_UART
    if (UART_SRA & _BV(RXC0))
 de2:	40 91 96 00 	lds	r20, 0x0096	; 0x800096 <__EEPROM_REGION_LENGTH__+0x7f0096>
 de6:	47 fd       	sbrc	r20, 7
 de8:	02 c0       	rjmp	.+4      	; 0xdee <main+0x6a>
 dea:	81 50       	subi	r24, 0x01	; 1
#else
// This doesn't seem to work?
//    if ((UART_PIN & (1<<UART_RX_BIT)) == 0)
//    break;  // detect start bit on soft uart too.
#endif
  } while (--count);
 dec:	99 f7       	brne	.-26     	; 0xdd4 <main+0x50>

        /*
         * Copy data from the buffer into the flash write buffer.
         */
        do {
        __boot_page_fill_short((uint16_t)(void*)addrPtr, *(mybuff.wptr++));
 dee:	bb 24       	eor	r11, r11
 df0:	b3 94       	inc	r11
        } while (len -= 2);

        /*
         * Actually Write the buffer to flash (and wait for it to finish.)
         */
        __boot_page_write_short(address.word);
 df2:	95 e0       	ldi	r25, 0x05	; 5
 df4:	a9 2e       	mov	r10, r25
         * and we needed the space back.
         */
#ifdef FOURPAGEERASE
        if ((address.bytes[0] & ((SPM_PAGESIZE<<2)-1))==0) {
#endif
        __boot_page_erase_short(address.word);
 df6:	23 e0       	ldi	r18, 0x03	; 3
 df8:	72 2e       	mov	r7, r18
        // Move RESET vector to 'save' vector
    // Save jmp targets (for "Verify")
    rstVect0_sav = buff.bptr[rstVect0];
    rstVect1_sav = buff.bptr[rstVect1];
    addr16_t vect;
    vect.word = ((uint16_t)main);
 dfa:	32 ec       	ldi	r19, 0xC2	; 194
 dfc:	c3 2e       	mov	r12, r19
 dfe:	36 e0       	ldi	r19, 0x06	; 6
 e00:	d3 2e       	mov	r13, r19
    buff.bptr[0] = vect.bytes[0]; // rjmp to start of bootloader
    buff.bptr[1] = vect.bytes[1] | 0xC0;  // make an "rjmp"
 e02:	8d 2d       	mov	r24, r13
 e04:	80 6c       	ori	r24, 0xC0	; 192
 e06:	68 2e       	mov	r6, r24
#endif

  /* Forever loop: exits by causing WDT reset */
  for (;;) {
    /* get character from UART */
    ch = getch();
 e08:	c7 d0       	rcall	.+398    	; 0xf98 <getch>

    if(ch == STK_GET_PARAMETER) {
 e0a:	81 34       	cpi	r24, 0x41	; 65
 e0c:	79 f4       	brne	.+30     	; 0xe2c <main+0xa8>
      unsigned char which = getch();
 e0e:	c4 d0       	rcall	.+392    	; 0xf98 <getch>
 e10:	18 2f       	mov	r17, r24
      verifySpace();
 e12:	d3 d0       	rcall	.+422    	; 0xfba <verifySpace>
      /*
       * Send optiboot version as "SW version"
       * Note that the references to memory are optimized away.
       */
      if (which == STK_SW_MINOR) {
 e14:	12 38       	cpi	r17, 0x82	; 130
 e16:	11 f4       	brne	.+4      	; 0xe1c <main+0x98>
        putch(0x00);
      }
#else
      // UNIVERSAL command is ignored
      getNch(4);
      putch(0x00);
 e18:	80 e0       	ldi	r24, 0x00	; 0
 e1a:	04 c0       	rjmp	.+8      	; 0xe24 <main+0xa0>
       * Note that the references to memory are optimized away.
       */
      if (which == STK_SW_MINOR) {
      putch(optiboot_version & 0xFF);
      } else if (which == STK_SW_MAJOR) {
      putch(optiboot_version >> 8);
 e1c:	8a e3       	ldi	r24, 0x3A	; 58
       * Send optiboot version as "SW version"
       * Note that the references to memory are optimized away.
       */
      if (which == STK_SW_MINOR) {
      putch(optiboot_version & 0xFF);
      } else if (which == STK_SW_MAJOR) {
 e1e:	11 38       	cpi	r17, 0x81	; 129
 e20:	09 f0       	breq	.+2      	; 0xe24 <main+0xa0>
      } else {
    /*
     * GET PARAMETER returns a generic 0x03 reply for
         * other parameters - enough to keep Avrdude happy
     */
    putch(0x03);
 e22:	83 e0       	ldi	r24, 0x03	; 3
 e24:	b2 d0       	rcall	.+356    	; 0xf8a <putch>
    }
    else {
      // This covers the response to commands like STK_ENTER_PROGMODE
      verifySpace();
    }
    putch(STK_OK);
 e26:	80 e1       	ldi	r24, 0x10	; 16
 e28:	b0 d0       	rcall	.+352    	; 0xf8a <putch>
#endif

  /* Forever loop: exits by causing WDT reset */
  for (;;) {
    /* get character from UART */
    ch = getch();
 e2a:	ee cf       	rjmp	.-36     	; 0xe08 <main+0x84>
         * other parameters - enough to keep Avrdude happy
     */
    putch(0x03);
      }
    }
    else if(ch == STK_SET_DEVICE) {
 e2c:	82 34       	cpi	r24, 0x42	; 66
 e2e:	19 f4       	brne	.+6      	; 0xe36 <main+0xb2>
      // SET DEVICE is ignored
      getNch(20);
 e30:	84 e1       	ldi	r24, 0x14	; 20
    }
    else if(ch == STK_SET_DEVICE_EXT) {
      // SET DEVICE EXT is ignored
      getNch(5);
 e32:	cb d0       	rcall	.+406    	; 0xfca <getNch>
 e34:	f8 cf       	rjmp	.-16     	; 0xe26 <main+0xa2>
    }
    else if(ch == STK_SET_DEVICE) {
      // SET DEVICE is ignored
      getNch(20);
    }
    else if(ch == STK_SET_DEVICE_EXT) {
 e36:	85 34       	cpi	r24, 0x45	; 69
 e38:	11 f4       	brne	.+4      	; 0xe3e <main+0xba>
      // SET DEVICE EXT is ignored
      getNch(5);
 e3a:	85 e0       	ldi	r24, 0x05	; 5
 e3c:	fa cf       	rjmp	.-12     	; 0xe32 <main+0xae>
    }
    else if(ch == STK_LOAD_ADDRESS) {
 e3e:	85 35       	cpi	r24, 0x55	; 85
 e40:	41 f4       	brne	.+16     	; 0xe52 <main+0xce>
      // LOAD ADDRESS
      address.bytes[0] = getch();
 e42:	aa d0       	rcall	.+340    	; 0xf98 <getch>
 e44:	c8 2f       	mov	r28, r24
      address.bytes[1] = getch();
 e46:	a8 d0       	rcall	.+336    	; 0xf98 <getch>
 e48:	d8 2f       	mov	r29, r24
      }
      else {
        RAMPZ &= 0xFE;
      }
#endif
      address.word *= 2; // Convert from word address to byte address
 e4a:	cc 0f       	add	r28, r28
 e4c:	dd 1f       	adc	r29, r29
      watchdogConfig(WATCHDOG_16MS);
      verifySpace();
    }
    else {
      // This covers the response to commands like STK_ENTER_PROGMODE
      verifySpace();
 e4e:	b5 d0       	rcall	.+362    	; 0xfba <verifySpace>
 e50:	ea cf       	rjmp	.-44     	; 0xe26 <main+0xa2>
      }
#endif
      address.word *= 2; // Convert from word address to byte address
      verifySpace();
    }
    else if(ch == STK_UNIVERSAL) {
 e52:	86 35       	cpi	r24, 0x56	; 86
 e54:	19 f4       	brne	.+6      	; 0xe5c <main+0xd8>
        getNch(3);
        putch(0x00);
      }
#else
      // UNIVERSAL command is ignored
      getNch(4);
 e56:	84 e0       	ldi	r24, 0x04	; 4
 e58:	b8 d0       	rcall	.+368    	; 0xfca <getNch>
 e5a:	de cf       	rjmp	.-68     	; 0xe18 <main+0x94>
      putch(0x00);
#endif
    }
    /* Write memory, length is big endian and is in bytes */
    else if(ch == STK_PROG_PAGE) {
 e5c:	84 36       	cpi	r24, 0x64	; 100
 e5e:	09 f0       	breq	.+2      	; 0xe62 <main+0xde>
 e60:	5c c0       	rjmp	.+184    	; 0xf1a <main+0x196>
      // PROGRAM PAGE - we support flash programming only, not EEPROM
      uint8_t desttype;
      uint8_t *bufPtr;
      pagelen_t savelength;

      GETLENGTH(length);
 e62:	9a d0       	rcall	.+308    	; 0xf98 <getch>
 e64:	99 d0       	rcall	.+306    	; 0xf98 <getch>
 e66:	58 2e       	mov	r5, r24
      savelength = length;
      desttype = getch();
 e68:	97 d0       	rcall	.+302    	; 0xf98 <getch>
 e6a:	48 2e       	mov	r4, r24

      // read a page worth of contents
      bufPtr = buff.bptr;
 e6c:	00 e0       	ldi	r16, 0x00	; 0
 e6e:	11 e0       	ldi	r17, 0x01	; 1
      do *bufPtr++ = getch();
 e70:	48 01       	movw	r8, r16
 e72:	ef ef       	ldi	r30, 0xFF	; 255
 e74:	8e 1a       	sub	r8, r30
 e76:	9e 0a       	sbc	r9, r30
 e78:	8f d0       	rcall	.+286    	; 0xf98 <getch>
 e7a:	f8 01       	movw	r30, r16
 e7c:	80 83       	st	Z, r24
 e7e:	84 01       	movw	r16, r8
      while (--length);
 e80:	58 10       	cpse	r5, r8
 e82:	f6 cf       	rjmp	.-20     	; 0xe70 <main+0xec>

      // Read command terminator, start reply
      verifySpace();
 e84:	9a d0       	rcall	.+308    	; 0xfba <verifySpace>

#else
/*
 * AVR with 2-byte ISR Vectors and rjmp
 */
      if (address.word == rstVect0) {
 e86:	20 97       	sbiw	r28, 0x00	; 0
 e88:	81 f4       	brne	.+32     	; 0xeaa <main+0x126>
        // This is the reset vector page. We need to live-patch
        // the code so the bootloader runs first.
        //
        // Move RESET vector to 'save' vector
    // Save jmp targets (for "Verify")
    rstVect0_sav = buff.bptr[rstVect0];
 e8a:	80 91 00 01 	lds	r24, 0x0100	; 0x800100 <_edata>
 e8e:	80 93 24 01 	sts	0x0124, r24	; 0x800124 <_edata+0x24>
    rstVect1_sav = buff.bptr[rstVect1];
 e92:	80 91 01 01 	lds	r24, 0x0101	; 0x800101 <_edata+0x1>
 e96:	80 93 25 01 	sts	0x0125, r24	; 0x800125 <_edata+0x25>
    addr16_t vect;
    vect.word = ((uint16_t)main);
    buff.bptr[0] = vect.bytes[0]; // rjmp to start of bootloader
 e9a:	c0 92 00 01 	sts	0x0100, r12	; 0x800100 <_edata>
    buff.bptr[1] = vect.bytes[1] | 0xC0;  // make an "rjmp"
 e9e:	60 92 01 01 	sts	0x0101, r6	; 0x800101 <_edata+0x1>
 * void writebuffer(memtype, buffer, address, length)
 */
static inline void writebuffer(int8_t memtype, addr16_t mybuff,
                   addr16_t address, pagelen_t len)
{
    switch (memtype) {
 ea2:	f5 e4       	ldi	r31, 0x45	; 69
 ea4:	4f 12       	cpse	r4, r31
 ea6:	1a c0       	rjmp	.+52     	; 0xedc <main+0x158>
 ea8:	ff cf       	rjmp	.-2      	; 0xea8 <main+0x124>
    addr16_t vect;
    vect.word = ((uint16_t)main);
    buff.bptr[0] = vect.bytes[0]; // rjmp to start of bootloader
    buff.bptr[1] = vect.bytes[1] | 0xC0;  // make an "rjmp"
#if (save_vect_num > SPM_PAGESIZE/2)
} else if (address.word == (SPM_PAGESIZE*(save_vect_num/(SPM_PAGESIZE/2)))) { //allow for any vector
 eaa:	c0 31       	cpi	r28, 0x10	; 16
 eac:	d1 05       	cpc	r29, r1
 eae:	c9 f7       	brne	.-14     	; 0xea2 <main+0x11e>
    // Instruction is a relative jump (rjmp), so recalculate.
    // an RJMP instruction is 0b1100xxxx xxxxxxxx, so we should be able to
    // do math on the offsets without masking it off first.
    addr16_t vect;
    vect.bytes[0] = rstVect0_sav;
 eb0:	e0 90 24 01 	lds	r14, 0x0124	; 0x800124 <_edata+0x24>
    vect.bytes[1] = rstVect1_sav;
 eb4:	f0 90 25 01 	lds	r15, 0x0125	; 0x800125 <_edata+0x25>
    saveVect0_sav = buff.bptr[saveVect0-(SPM_PAGESIZE*(save_vect_num/(SPM_PAGESIZE/2)))];
 eb8:	80 91 0c 01 	lds	r24, 0x010C	; 0x80010c <_edata+0xc>
 ebc:	80 93 26 01 	sts	0x0126, r24	; 0x800126 <_edata+0x26>
    saveVect1_sav = buff.bptr[saveVect1-(SPM_PAGESIZE*(save_vect_num/(SPM_PAGESIZE/2)))];
 ec0:	80 91 0d 01 	lds	r24, 0x010D	; 0x80010d <_edata+0xd>
 ec4:	80 93 27 01 	sts	0x0127, r24	; 0x800127 <_edata+0x27>
    vect.word = (vect.word-save_vect_num); //subtract 'save' interrupt position
 ec8:	c7 01       	movw	r24, r14
 eca:	0e 97       	sbiw	r24, 0x0e	; 14
        // Move RESET jmp target to 'save' vector
        buff.bptr[saveVect0-(SPM_PAGESIZE*(save_vect_num/(SPM_PAGESIZE/2)))] = vect.bytes[0];
 ecc:	80 93 0c 01 	sts	0x010C, r24	; 0x80010c <_edata+0xc>
        buff.bptr[saveVect1-(SPM_PAGESIZE*(save_vect_num/(SPM_PAGESIZE/2)))] = (vect.bytes[1] & 0x0F)| 0xC0;  // make an "rjmp"
 ed0:	89 2f       	mov	r24, r25
 ed2:	8f 70       	andi	r24, 0x0F	; 15
 ed4:	80 6c       	ori	r24, 0xC0	; 192
 ed6:	80 93 0d 01 	sts	0x010D, r24	; 0x80010d <_edata+0xd>
 eda:	e3 cf       	rjmp	.-58     	; 0xea2 <main+0x11e>
         * used to be code to do this while receiving the data over
         * the serial link, but the performance improvement was slight,
         * and we needed the space back.
         */
#ifdef FOURPAGEERASE
        if ((address.bytes[0] & ((SPM_PAGESIZE<<2)-1))==0) {
 edc:	8c 2f       	mov	r24, r28
 ede:	8f 73       	andi	r24, 0x3F	; 63
#endif
        __boot_page_erase_short(address.word);
 ee0:	fe 01       	movw	r30, r28
         * used to be code to do this while receiving the data over
         * the serial link, but the performance improvement was slight,
         * and we needed the space back.
         */
#ifdef FOURPAGEERASE
        if ((address.bytes[0] & ((SPM_PAGESIZE<<2)-1))==0) {
 ee2:	31 f4       	brne	.+12     	; 0xef0 <main+0x16c>
#endif
        __boot_page_erase_short(address.word);
 ee4:	77 be       	out	0x37, r7	; 55
 ee6:	e8 95       	spm
        boot_spm_busy_wait();
 ee8:	07 b6       	in	r0, 0x37	; 55
 eea:	00 fc       	sbrc	r0, 0
 eec:	fd cf       	rjmp	.-6      	; 0xee8 <main+0x164>
 eee:	fe 01       	movw	r30, r28
         * used to be code to do this while receiving the data over
         * the serial link, but the performance improvement was slight,
         * and we needed the space back.
         */
#ifdef FOURPAGEERASE
        if ((address.bytes[0] & ((SPM_PAGESIZE<<2)-1))==0) {
 ef0:	a0 e0       	ldi	r26, 0x00	; 0
 ef2:	b1 e0       	ldi	r27, 0x01	; 1

        /*
         * Copy data from the buffer into the flash write buffer.
         */
        do {
        __boot_page_fill_short((uint16_t)(void*)addrPtr, *(mybuff.wptr++));
 ef4:	cd 01       	movw	r24, r26
 ef6:	02 96       	adiw	r24, 0x02	; 2
 ef8:	2d 91       	ld	r18, X+
 efa:	3c 91       	ld	r19, X
 efc:	09 01       	movw	r0, r18
 efe:	b7 be       	out	0x37, r11	; 55
 f00:	e8 95       	spm
 f02:	11 24       	eor	r1, r1
        addrPtr += 2;
 f04:	32 96       	adiw	r30, 0x02	; 2

        /*
         * Copy data from the buffer into the flash write buffer.
         */
        do {
        __boot_page_fill_short((uint16_t)(void*)addrPtr, *(mybuff.wptr++));
 f06:	dc 01       	movw	r26, r24
        addrPtr += 2;
        } while (len -= 2);
 f08:	58 12       	cpse	r5, r24
 f0a:	f4 cf       	rjmp	.-24     	; 0xef4 <main+0x170>

        /*
         * Actually Write the buffer to flash (and wait for it to finish.)
         */
        __boot_page_write_short(address.word);
 f0c:	fe 01       	movw	r30, r28
 f0e:	a7 be       	out	0x37, r10	; 55
 f10:	e8 95       	spm
        boot_spm_busy_wait();
 f12:	07 b6       	in	r0, 0x37	; 55
 f14:	00 fc       	sbrc	r0, 0
 f16:	fd cf       	rjmp	.-6      	; 0xf12 <main+0x18e>
 f18:	86 cf       	rjmp	.-244    	; 0xe26 <main+0xa2>
      writebuffer(desttype, buff, address, savelength);


    }
    /* Read memory block mode, length is big endian.  */
    else if(ch == STK_READ_PAGE) {
 f1a:	84 37       	cpi	r24, 0x74	; 116
 f1c:	39 f5       	brne	.+78     	; 0xf6c <main+0x1e8>
      uint8_t desttype;
      GETLENGTH(length);
 f1e:	3c d0       	rcall	.+120    	; 0xf98 <getch>
 f20:	3b d0       	rcall	.+118    	; 0xf98 <getch>
 f22:	98 2e       	mov	r9, r24

      desttype = getch();
 f24:	39 d0       	rcall	.+114    	; 0xf98 <getch>

      verifySpace();
 f26:	49 d0       	rcall	.+146    	; 0xfba <verifySpace>
 f28:	8e 01       	movw	r16, r28
#endif
    default:
    do {
#ifdef VIRTUAL_BOOT_PARTITION
        // Undo vector patch in bottom page so verify passes
        if (address.word == rstVect0) ch = rstVect0_sav;
 f2a:	01 15       	cp	r16, r1
 f2c:	11 05       	cpc	r17, r1
 f2e:	49 f4       	brne	.+18     	; 0xf42 <main+0x1be>
 f30:	80 91 24 01 	lds	r24, 0x0124	; 0x800124 <_edata+0x24>
        __asm__ ("elpm %0,Z+\n" : "=r" (ch), "=z" (address.bptr): "1" (address));
#else
        // read a Flash byte and increment the address
        __asm__ ("lpm %0,Z+\n" : "=r" (ch), "=z" (address.bptr): "1" (address));
#endif
        putch(ch);
 f34:	2a d0       	rcall	.+84     	; 0xf8a <putch>
    } while (--length);
 f36:	9a 94       	dec	r9
 f38:	0f 5f       	subi	r16, 0xFF	; 255
 f3a:	1f 4f       	sbci	r17, 0xFF	; 255
 f3c:	91 10       	cpse	r9, r1
 f3e:	f5 cf       	rjmp	.-22     	; 0xf2a <main+0x1a6>
 f40:	72 cf       	rjmp	.-284    	; 0xe26 <main+0xa2>
    default:
    do {
#ifdef VIRTUAL_BOOT_PARTITION
        // Undo vector patch in bottom page so verify passes
        if (address.word == rstVect0) ch = rstVect0_sav;
        else if (address.word == rstVect1) ch = rstVect1_sav;
 f42:	01 30       	cpi	r16, 0x01	; 1
 f44:	11 05       	cpc	r17, r1
 f46:	19 f4       	brne	.+6      	; 0xf4e <main+0x1ca>
 f48:	80 91 25 01 	lds	r24, 0x0125	; 0x800125 <_edata+0x25>
 f4c:	f3 cf       	rjmp	.-26     	; 0xf34 <main+0x1b0>
        else if (address.word == saveVect0) ch = saveVect0_sav;
 f4e:	0c 31       	cpi	r16, 0x1C	; 28
 f50:	11 05       	cpc	r17, r1
 f52:	19 f4       	brne	.+6      	; 0xf5a <main+0x1d6>
 f54:	80 91 26 01 	lds	r24, 0x0126	; 0x800126 <_edata+0x26>
 f58:	ed cf       	rjmp	.-38     	; 0xf34 <main+0x1b0>
        else if (address.word == saveVect1) ch = saveVect1_sav;
 f5a:	0d 31       	cpi	r16, 0x1D	; 29
 f5c:	11 05       	cpc	r17, r1
 f5e:	19 f4       	brne	.+6      	; 0xf66 <main+0x1e2>
 f60:	80 91 27 01 	lds	r24, 0x0127	; 0x800127 <_edata+0x27>
 f64:	e7 cf       	rjmp	.-50     	; 0xf34 <main+0x1b0>
        else ch = pgm_read_byte_near(address.bptr);
 f66:	f8 01       	movw	r30, r16
 f68:	84 91       	lpm	r24, Z
 f6a:	e4 cf       	rjmp	.-56     	; 0xf34 <main+0x1b0>

      read_mem(desttype, address, length);
    }

    /* Get device signature bytes  */
    else if(ch == STK_READ_SIGN) {
 f6c:	85 37       	cpi	r24, 0x75	; 117
 f6e:	39 f4       	brne	.+14     	; 0xf7e <main+0x1fa>
      // READ SIGN - return what Avrdude wants to hear
      verifySpace();
 f70:	24 d0       	rcall	.+72     	; 0xfba <verifySpace>
      putch(SIGNATURE_0);
 f72:	8e e1       	ldi	r24, 0x1E	; 30
 f74:	0a d0       	rcall	.+20     	; 0xf8a <putch>
      putch(SIGNATURE_1);
 f76:	82 e9       	ldi	r24, 0x92	; 146
 f78:	08 d0       	rcall	.+16     	; 0xf8a <putch>
      putch(SIGNATURE_2);
 f7a:	85 e1       	ldi	r24, 0x15	; 21
 f7c:	53 cf       	rjmp	.-346    	; 0xe24 <main+0xa0>
    }
    else if (ch == STK_LEAVE_PROGMODE) { /* 'Q' */
 f7e:	81 35       	cpi	r24, 0x51	; 81
 f80:	09 f0       	breq	.+2      	; 0xf84 <main+0x200>
 f82:	65 cf       	rjmp	.-310    	; 0xe4e <main+0xca>
      // Adaboot no-wait mod
      watchdogConfig(WATCHDOG_16MS);
 f84:	88 e0       	ldi	r24, 0x08	; 8
 f86:	14 d0       	rcall	.+40     	; 0xfb0 <watchdogConfig>
 f88:	62 cf       	rjmp	.-316    	; 0xe4e <main+0xca>

00000f8a <putch>:
      RS485_PORT |= _BV(RS485);
      #else
      RS485_PORT &= ~_BV(RS485);
      #endif
    #else //not RS485
      while (!(UART_SRA & _BV(UDRE0))) {  /* Spin */ }
 f8a:	90 91 96 00 	lds	r25, 0x0096	; 0x800096 <__EEPROM_REGION_LENGTH__+0x7f0096>
 f8e:	95 ff       	sbrs	r25, 5
 f90:	fc cf       	rjmp	.-8      	; 0xf8a <putch>
        UART_UDR = ch;
 f92:	80 93 90 00 	sts	0x0090, r24	; 0x800090 <__EEPROM_REGION_LENGTH__+0x7f0090>
  #else
  RS485_PORT &= ~_BV(RS485);
  #endif
#endif
#endif
}
 f96:	08 95       	ret

00000f98 <getch>:
    :
      "r25"
);
#else
#ifndef LIN_UART
  while(!(UART_SRA & _BV(RXC0)))  {  /* Spin */ }
 f98:	80 91 96 00 	lds	r24, 0x0096	; 0x800096 <__EEPROM_REGION_LENGTH__+0x7f0096>
 f9c:	87 ff       	sbrs	r24, 7
 f9e:	fc cf       	rjmp	.-8      	; 0xf98 <getch>
  if (!(UART_SRA & _BV(FE0))) {
 fa0:	80 91 96 00 	lds	r24, 0x0096	; 0x800096 <__EEPROM_REGION_LENGTH__+0x7f0096>
 fa4:	84 fd       	sbrc	r24, 4
 fa6:	01 c0       	rjmp	.+2      	; 0xfaa <getch+0x12>
}
#endif

// Watchdog functions. These are only safe with interrupts turned off.
void watchdogReset() {
  __asm__ __volatile__ (
 fa8:	a8 95       	wdr
       * don't care that an invalid char is returned...)
       */
    watchdogReset();
  }

  ch = UART_UDR;
 faa:	80 91 90 00 	lds	r24, 0x0090	; 0x800090 <__EEPROM_REGION_LENGTH__+0x7f0090>
  LED_PIN |= _BV(LED);
#endif
#endif

  return ch;
}
 fae:	08 95       	ret

00000fb0 <watchdogConfig>:
  WDTCSR = _BV(WDCE) | _BV(WDE);
 #else
  WDTCR= _BV(WDCE) | _BV(WDE);
 #endif
#else //then it must be one of those newfangled ones that use CCP
  CCP=0xD8; //so write this magic number to CCP
 fb0:	98 ed       	ldi	r25, 0xD8	; 216
 fb2:	90 93 71 00 	sts	0x0071, r25	; 0x800071 <__EEPROM_REGION_LENGTH__+0x7f0071>
#endif

#ifdef WDTCSR
  WDTCSR = x;
 fb6:	81 bd       	out	0x21, r24	; 33
#else
  WDTCR= x;
#endif
}
 fb8:	08 95       	ret

00000fba <verifySpace>:
  do getch(); while (--count);
  verifySpace();
}

void verifySpace() {
  if (getch() != CRC_EOP) {
 fba:	ee df       	rcall	.-36     	; 0xf98 <getch>
 fbc:	80 32       	cpi	r24, 0x20	; 32
 fbe:	19 f0       	breq	.+6      	; 0xfc6 <verifySpace+0xc>
    watchdogConfig(WATCHDOG_16MS);    // shorten WD timeout
 fc0:	88 e0       	ldi	r24, 0x08	; 8
 fc2:	f6 df       	rcall	.-20     	; 0xfb0 <watchdogConfig>
 fc4:	ff cf       	rjmp	.-2      	; 0xfc4 <verifySpace+0xa>
    while (1)                  // and busy-loop so that WD causes
      ;                      //  a reset and app start.
  }
  putch(STK_INSYNC);
 fc6:	84 e1       	ldi	r24, 0x14	; 20
 fc8:	e0 cf       	rjmp	.-64     	; 0xf8a <putch>

00000fca <getNch>:
    ::[count] "M" (UART_B_VALUE)
  );
}
#endif

void getNch(uint8_t count) {
 fca:	cf 93       	push	r28
 fcc:	c8 2f       	mov	r28, r24
  do getch(); while (--count);
 fce:	e4 df       	rcall	.-56     	; 0xf98 <getch>
 fd0:	c1 50       	subi	r28, 0x01	; 1
 fd2:	e9 f7       	brne	.-6      	; 0xfce <getNch+0x4>
  verifySpace();
}
 fd4:	cf 91       	pop	r28
}
#endif

void getNch(uint8_t count) {
  do getch(); while (--count);
  verifySpace();
 fd6:	f1 cf       	rjmp	.-30     	; 0xfba <verifySpace>

00000fd8 <do_spm>:
 *   data=0 in WRITE
 */
static void do_spm(uint16_t address, uint8_t command, uint16_t data)  __attribute__ ((used));
static void do_spm(uint16_t address, uint8_t command, uint16_t data) {
    // Do spm stuff
    asm volatile (
 fd8:	fc 01       	movw	r30, r24
 fda:	0a 01       	movw	r0, r20
 fdc:	67 bf       	out	0x37, r22	; 55
 fde:	e8 95       	spm
 fe0:	11 24       	eor	r1, r1
    );

    // wait for spm to complete
    //   it doesn't have much sense for __BOOT_PAGE_FILL,
    //   but it doesn't hurt and saves some bytes on 'if'
    boot_spm_busy_wait();
 fe2:	07 b6       	in	r0, 0x37	; 55
 fe4:	00 fc       	sbrc	r0, 0
 fe6:	fd cf       	rjmp	.-6      	; 0xfe2 <do_spm+0xa>
    if ((command & (_BV(PGWRT)|_BV(PGERS))) && (data == 0) ) {
      // Re-enable read access to flash
      __boot_rww_enable_short();
    }
#endif
}
 fe8:	08 95       	ret
