
optiboot_attiny861.elf:     file format elf32-avr

Sections:
Idx Name          Size      VMA       LMA       File off  Algn
  0 .text         0000024a  00001d80  00001d80  00000094  2**1
                  CONTENTS, ALLOC, LOAD, READONLY, CODE
  1 .version      00000002  00001ffe  00001ffe  000002de  2**0
                  CONTENTS, ALLOC, LOAD, READONLY, DATA
  2 .data         00000000  00800060  00001fca  000002de  2**0
                  CONTENTS, ALLOC, LOAD, DATA
  3 .comment      00000011  00000000  00000000  000002e0  2**0
                  CONTENTS, READONLY
  4 .debug_aranges 00000030  00000000  00000000  000002f1  2**0
                  CONTENTS, READONLY, DEBUGGING
  5 .debug_info   00000664  00000000  00000000  00000321  2**0
                  CONTENTS, READONLY, DEBUGGING
  6 .debug_abbrev 000002de  00000000  00000000  00000985  2**0
                  CONTENTS, READONLY, DEBUGGING
  7 .debug_line   00000387  00000000  00000000  00000c63  2**0
                  CONTENTS, READONLY, DEBUGGING
  8 .debug_frame  000000ac  00000000  00000000  00000fec  2**2
                  CONTENTS, READONLY, DEBUGGING
  9 .debug_str    0000021e  00000000  00000000  00001098  2**0
                  CONTENTS, READONLY, DEBUGGING
 10 .debug_loc    0000037d  00000000  00000000  000012b6  2**0
                  CONTENTS, READONLY, DEBUGGING
 11 .debug_ranges 00000080  00000000  00000000  00001633  2**0
                  CONTENTS, READONLY, DEBUGGING

Disassembly of section .text:

00001d80 <pre_main>:
/* everything that needs to run VERY early */
void pre_main(void) {
  // Allow convenient way of calling do_spm function - jump table,
  //   so entry to this function will always be here, independent of compilation,
  //   features etc
  asm volatile (
    1d80:	01 c0       	rjmp	.+2      	; 0x1d84 <main>
    1d82:	1a c1       	rjmp	.+564    	; 0x1fb8 <do_spm>

00001d84 <main>:
  //  SP points to RAMEND
  //  r1 contains zero
  //
  // If not, uncomment the following instructions:
  // cli();
  asm volatile ("clr __zero_reg__");
    1d84:	11 24       	eor	r1, r1
   *
   * Code by MarkG55
   * see discussion in https://github.com/Optiboot/optiboot/issues/97
   */

  ch = MCUSTATUSREG;
    1d86:	84 b7       	in	r24, 0x34	; 52

  // Skip all logic and run bootloader if MCUSR is cleared (application request)
  if (ch != 0) {
    1d88:	88 23       	and	r24, r24
    1d8a:	79 f0       	breq	.+30     	; 0x1daa <main+0x26>
     * an external reset - only useful in combination with above,
     * for some unusual use cases.
     *
     */
#if (!(defined(START_APP_ON_EXTR)||defined(NO_START_APP_ON_POR))) //normal behavior
    if ((ch & (_BV(WDRF) | _BV(EXTRF))) != _BV(EXTRF)) {                      // Run app if EXTRF not set, or WDRF and EXTRF set
    1d8c:	98 2f       	mov	r25, r24
    1d8e:	9a 70       	andi	r25, 0x0A	; 10
    1d90:	92 30       	cpi	r25, 0x02	; 2
    1d92:	59 f0       	breq	.+22     	; 0x1daa <main+0x26>
      if (ch & _BV(EXTRF)) {                                                  // Both WDRF and EXTRF are set
    1d94:	81 ff       	sbrs	r24, 1
    1d96:	03 c0       	rjmp	.+6      	; 0x1d9e <main+0x1a>
         * Clear WDRF because it was most probably set by wdr in bootloader.
         * It's also needed to avoid loop by broken application which could
         * prevent entering bootloader.
         * '&= allows CBI to be used, saves flash
         */
        MCUSTATUSREG &= ~(_BV(WDRF));
    1d98:	94 b7       	in	r25, 0x34	; 52
    1d9a:	97 7f       	andi	r25, 0xF7	; 247
    1d9c:	94 bf       	out	0x34, r25	; 52
      /*
       * save the reset flags in the designated register
       * This can be saved in a main program by putting code in .init0 (which
       * executes before normal c init code) to save R2 to a global variable.
       */
      __asm__ __volatile__ ("mov r2, %0\n" :: "r" (ch));
    1d9e:	28 2e       	mov	r2, r24

      // switch off watchdog
      watchdogConfig(WATCHDOG_OFF);
    1da0:	80 e0       	ldi	r24, 0x00	; 0
    1da2:	f7 d0       	rcall	.+494    	; 0x1f92 <watchdogConfig>
      // Note that appstart_vec is defined so that this works with either
      // real or virtual boot partitions.
       __asm__ __volatile__ (
    1da4:	e9 e0       	ldi	r30, 0x09	; 9
    1da6:	ff 27       	eor	r31, r31
    1da8:	09 94       	ijmp
  CLKPR=PRESCALE;
#endif
#if LED_START_FLASHES > 0
  // Set up Timer 1 for timeout counter
#if defined(__AVR_ATtiny261__)||defined(__AVR_ATtiny461__)||defined(__AVR_ATtiny861__)
  TCCR1B = 0x0E; //div 8196 - we could divide by less since it's a 10-bit counter, but why?
    1daa:	8e e0       	ldi	r24, 0x0E	; 14
    1dac:	8f bd       	out	0x2f, r24	; 47
  RS485_PORT &= ~_BV(RS485);
  #endif
#endif

  // Set up watchdog to trigger after 1s
  watchdogConfig(WDTPERIOD);
    1dae:	f1 d0       	rcall	.+482    	; 0x1f92 <watchdogConfig>

#if (LED_START_FLASHES > 0) || defined(LED_DATA_FLASH) || defined(LED_START_ON)
  /* Set LED pin as output */
  LED_DDR |= _BV(LED);
    1db0:	bb 9a       	sbi	0x17, 3	; 23
#endif

#ifdef SOFT_UART
  /* Set TX pin as output */
  UART_DDR |= _BV(UART_TX_BIT);
    1db2:	d6 9a       	sbi	0x1a, 6	; 26
    1db4:	86 e0       	ldi	r24, 0x06	; 6
#if LED_START_FLASHES > 0
void flash_led(uint8_t count) {
  //LED_PIN |= _BV(LED);
  do {
    #if defined(__AVR_ATtiny261__)||defined(__AVR_ATtiny461__)||defined(__AVR_ATtiny861__) || defined(__AVR_ATtiny25__)||defined(__AVR_ATtiny45__)||defined(__AVR_ATtiny85__)
        TCNT1 = 0xFF&(-(F_CPU/(8192L*16)));
    1db6:	98 e6       	ldi	r25, 0x68	; 104
        TIFR = _BV(TOV1);
    1db8:	24 e0       	ldi	r18, 0x04	; 4
#if LED_START_FLASHES > 0
void flash_led(uint8_t count) {
  //LED_PIN |= _BV(LED);
  do {
    #if defined(__AVR_ATtiny261__)||defined(__AVR_ATtiny461__)||defined(__AVR_ATtiny861__) || defined(__AVR_ATtiny25__)||defined(__AVR_ATtiny45__)||defined(__AVR_ATtiny85__)
        TCNT1 = 0xFF&(-(F_CPU/(8192L*16)));
    1dba:	9e bd       	out	0x2e, r25	; 46
        TIFR = _BV(TOV1);
    1dbc:	28 bf       	out	0x38, r18	; 56
        while(!(TIFR & _BV(TOV1)));
    1dbe:	08 b6       	in	r0, 0x38	; 56
    1dc0:	02 fe       	sbrs	r0, 2
    1dc2:	fd cf       	rjmp	.-6      	; 0x1dbe <main+0x3a>
    defined(__AVR_ATmega8535__) || defined(__AVR_ATmega16__)   ||    \
    defined(__AVR_ATmega162__)  || defined(__AVR_ATmega32__)   ||    \
    defined(__AVR_ATmega64__)   || defined(__AVR_ATmega128__)
    LED_PORT ^= _BV(LED);
#else
    LED_PIN |= _BV(LED);
    1dc4:	b3 9a       	sbi	0x16, 3	; 22
}
#endif

// Watchdog functions. These are only safe with interrupts turned off.
void watchdogReset() {
  __asm__ __volatile__ (
    1dc6:	a8 95       	wdr
    1dc8:	81 50       	subi	r24, 0x01	; 1
#else
// This doesn't seem to work?
//    if ((UART_PIN & (1<<UART_RX_BIT)) == 0)
//    break;  // detect start bit on soft uart too.
#endif
  } while (--count);
    1dca:	b9 f7       	brne	.-18     	; 0x1dba <main+0x36>
         * and we needed the space back.
         */
#ifdef FOURPAGEERASE
        if ((address.bytes[0] & ((SPM_PAGESIZE<<2)-1))==0) {
#endif
        __boot_page_erase_short(address.word);
    1dcc:	93 e0       	ldi	r25, 0x03	; 3
    1dce:	d9 2e       	mov	r13, r25

        /*
         * Copy data from the buffer into the flash write buffer.
         */
        do {
        __boot_page_fill_short((uint16_t)(void*)addrPtr, *(mybuff.wptr++));
    1dd0:	cc 24       	eor	r12, r12
    1dd2:	c3 94       	inc	r12
        } while (len -= 2);

        /*
         * Actually Write the buffer to flash (and wait for it to finish.)
         */
        __boot_page_write_short(address.word);
    1dd4:	25 e0       	ldi	r18, 0x05	; 5
    1dd6:	b2 2e       	mov	r11, r18
        // Move RESET vector to 'save' vector
    // Save jmp targets (for "Verify")
    rstVect0_sav = buff.bptr[rstVect0];
    rstVect1_sav = buff.bptr[rstVect1];
    addr16_t vect;
    vect.word = ((uint16_t)main);
    1dd8:	32 ec       	ldi	r19, 0xC2	; 194
    1dda:	e3 2e       	mov	r14, r19
    1ddc:	3e e0       	ldi	r19, 0x0E	; 14
    1dde:	f3 2e       	mov	r15, r19
    buff.bptr[0] = vect.bytes[0]; // rjmp to start of bootloader
    buff.bptr[1] = vect.bytes[1] | 0xC0;  // make an "rjmp"
    1de0:	8f 2d       	mov	r24, r15
    1de2:	80 6c       	ori	r24, 0xC0	; 192
    1de4:	a8 2e       	mov	r10, r24
#endif

  /* Forever loop: exits by causing WDT reset */
  for (;;) {
    /* get character from UART */
    ch = getch();
    1de6:	c1 d0       	rcall	.+386    	; 0x1f6a <getch>

    if(ch == STK_GET_PARAMETER) {
    1de8:	81 34       	cpi	r24, 0x41	; 65
    1dea:	61 f4       	brne	.+24     	; 0x1e04 <main+0x80>
      unsigned char which = getch();
    1dec:	be d0       	rcall	.+380    	; 0x1f6a <getch>
    1dee:	18 2f       	mov	r17, r24
      verifySpace();
    1df0:	d4 d0       	rcall	.+424    	; 0x1f9a <verifySpace>
      /*
       * Send optiboot version as "SW version"
       * Note that the references to memory are optimized away.
       */
      if (which == STK_SW_MINOR) {
    1df2:	12 38       	cpi	r17, 0x82	; 130
    1df4:	e9 f0       	breq	.+58     	; 0x1e30 <main+0xac>
      putch(optiboot_version & 0xFF);
      } else if (which == STK_SW_MAJOR) {
    1df6:	11 38       	cpi	r17, 0x81	; 129
    1df8:	11 f4       	brne	.+4      	; 0x1dfe <main+0x7a>
      putch(optiboot_version >> 8);
    1dfa:	8b e3       	ldi	r24, 0x3B	; 59
    1dfc:	01 c0       	rjmp	.+2      	; 0x1e00 <main+0x7c>
      } else {
    /*
     * GET PARAMETER returns a generic 0x03 reply for
         * other parameters - enough to keep Avrdude happy
     */
    putch(0x03);
    1dfe:	83 e0       	ldi	r24, 0x03	; 3
    1e00:	a5 d0       	rcall	.+330    	; 0x1f4c <putch>
    1e02:	a1 c0       	rjmp	.+322    	; 0x1f46 <main+0x1c2>
      }
    }
    else if(ch == STK_SET_DEVICE) {
    1e04:	82 34       	cpi	r24, 0x42	; 66
    1e06:	11 f4       	brne	.+4      	; 0x1e0c <main+0x88>
      // SET DEVICE is ignored
      getNch(20);
    1e08:	84 e1       	ldi	r24, 0x14	; 20
    1e0a:	03 c0       	rjmp	.+6      	; 0x1e12 <main+0x8e>
    }
    else if(ch == STK_SET_DEVICE_EXT) {
    1e0c:	85 34       	cpi	r24, 0x45	; 69
    1e0e:	19 f4       	brne	.+6      	; 0x1e16 <main+0x92>
      // SET DEVICE EXT is ignored
      getNch(5);
    1e10:	85 e0       	ldi	r24, 0x05	; 5
    1e12:	cb d0       	rcall	.+406    	; 0x1faa <getNch>
    1e14:	98 c0       	rjmp	.+304    	; 0x1f46 <main+0x1c2>
    }
    else if(ch == STK_LOAD_ADDRESS) {
    1e16:	85 35       	cpi	r24, 0x55	; 85
    1e18:	39 f4       	brne	.+14     	; 0x1e28 <main+0xa4>
      // LOAD ADDRESS
      address.bytes[0] = getch();
    1e1a:	a7 d0       	rcall	.+334    	; 0x1f6a <getch>
    1e1c:	c8 2f       	mov	r28, r24
      address.bytes[1] = getch();
    1e1e:	a5 d0       	rcall	.+330    	; 0x1f6a <getch>
    1e20:	d8 2f       	mov	r29, r24
      }
      else {
        RAMPZ &= 0xFE;
      }
#endif
      address.word *= 2; // Convert from word address to byte address
    1e22:	cc 0f       	add	r28, r28
    1e24:	dd 1f       	adc	r29, r29
    1e26:	8e c0       	rjmp	.+284    	; 0x1f44 <main+0x1c0>
      verifySpace();
    }
    else if(ch == STK_UNIVERSAL) {
    1e28:	86 35       	cpi	r24, 0x56	; 86
    1e2a:	21 f4       	brne	.+8      	; 0x1e34 <main+0xb0>
        getNch(3);
        putch(0x00);
      }
#else
      // UNIVERSAL command is ignored
      getNch(4);
    1e2c:	84 e0       	ldi	r24, 0x04	; 4
    1e2e:	bd d0       	rcall	.+378    	; 0x1faa <getNch>
      putch(0x00);
    1e30:	80 e0       	ldi	r24, 0x00	; 0
    1e32:	e6 cf       	rjmp	.-52     	; 0x1e00 <main+0x7c>
#endif
    }
    /* Write memory, length is big endian and is in bytes */
    else if(ch == STK_PROG_PAGE) {
    1e34:	84 36       	cpi	r24, 0x64	; 100
    1e36:	09 f0       	breq	.+2      	; 0x1e3a <main+0xb6>
    1e38:	4f c0       	rjmp	.+158    	; 0x1ed8 <main+0x154>
      // PROGRAM PAGE - we support flash programming only, not EEPROM
      uint8_t desttype;
      uint8_t *bufPtr;
      pagelen_t savelength;

      GETLENGTH(length);
    1e3a:	97 d0       	rcall	.+302    	; 0x1f6a <getch>
    1e3c:	96 d0       	rcall	.+300    	; 0x1f6a <getch>
    1e3e:	98 2e       	mov	r9, r24
      savelength = length;
      desttype = getch();
    1e40:	94 d0       	rcall	.+296    	; 0x1f6a <getch>
    1e42:	88 2e       	mov	r8, r24
      // PROGRAM PAGE - we support flash programming only, not EEPROM
      uint8_t desttype;
      uint8_t *bufPtr;
      pagelen_t savelength;

      GETLENGTH(length);
    1e44:	79 2c       	mov	r7, r9
      savelength = length;
      desttype = getch();
    1e46:	00 e6       	ldi	r16, 0x60	; 96
    1e48:	10 e0       	ldi	r17, 0x00	; 0

      // read a page worth of contents
      bufPtr = buff.bptr;
      do *bufPtr++ = getch();
    1e4a:	8f d0       	rcall	.+286    	; 0x1f6a <getch>
    1e4c:	f8 01       	movw	r30, r16
    1e4e:	81 93       	st	Z+, r24
    1e50:	8f 01       	movw	r16, r30
      while (--length);
    1e52:	7a 94       	dec	r7
    1e54:	71 10       	cpse	r7, r1
    1e56:	f9 cf       	rjmp	.-14     	; 0x1e4a <main+0xc6>

      // Read command terminator, start reply
      verifySpace();
    1e58:	a0 d0       	rcall	.+320    	; 0x1f9a <verifySpace>

#else
/*
 * AVR with 2-byte ISR Vectors and rjmp
 */
      if (address.word == rstVect0) {
    1e5a:	20 97       	sbiw	r28, 0x00	; 0
    1e5c:	f1 f4       	brne	.+60     	; 0x1e9a <main+0x116>
        // This is the reset vector page. We need to live-patch
        // the code so the bootloader runs first.
        //
        // Move RESET vector to 'save' vector
    // Save jmp targets (for "Verify")
    rstVect0_sav = buff.bptr[rstVect0];
    1e5e:	30 91 60 00 	lds	r19, 0x0060	; 0x800060 <_edata>
    1e62:	30 93 e4 00 	sts	0x00E4, r19	; 0x8000e4 <_edata+0x84>
    rstVect1_sav = buff.bptr[rstVect1];
    1e66:	20 91 61 00 	lds	r18, 0x0061	; 0x800061 <_edata+0x1>
    1e6a:	20 93 e5 00 	sts	0x00E5, r18	; 0x8000e5 <_edata+0x85>
    addr16_t vect;
    vect.word = ((uint16_t)main);
    buff.bptr[0] = vect.bytes[0]; // rjmp to start of bootloader
    buff.bptr[1] = vect.bytes[1] | 0xC0;  // make an "rjmp"
    1e6e:	a0 92 61 00 	sts	0x0061, r10	; 0x800061 <_edata+0x1>
        buff.bptr[saveVect0-(SPM_PAGESIZE*(save_vect_num/(SPM_PAGESIZE/2)))] = vect.bytes[0];
        buff.bptr[saveVect1-(SPM_PAGESIZE*(save_vect_num/(SPM_PAGESIZE/2)))] = (vect.bytes[1] & 0x0F)| 0xC0;  // make an "rjmp"
      }
#else

        saveVect0_sav = buff.bptr[saveVect0];
    1e72:	40 91 72 00 	lds	r20, 0x0072	; 0x800072 <_edata+0x12>
    1e76:	40 93 e6 00 	sts	0x00E6, r20	; 0x8000e6 <_edata+0x86>
        saveVect1_sav = buff.bptr[saveVect1];
    1e7a:	40 91 73 00 	lds	r20, 0x0073	; 0x800073 <_edata+0x13>
    1e7e:	40 93 e7 00 	sts	0x00E7, r20	; 0x8000e7 <_edata+0x87>
        vect.bytes[0] = rstVect0_sav;
    1e82:	83 2f       	mov	r24, r19
        vect.bytes[1] = rstVect1_sav;
    1e84:	92 2f       	mov	r25, r18
        vect.word = (vect.word-save_vect_num); //subtract 'save' interrupt position
    1e86:	09 97       	sbiw	r24, 0x09	; 9
        // Move RESET jmp target to 'save' vector
        buff.bptr[saveVect0] = vect.bytes[0];
    1e88:	80 93 72 00 	sts	0x0072, r24	; 0x800072 <_edata+0x12>
        buff.bptr[saveVect1] = (vect.bytes[1] & 0x0F)| 0xC0;  // make an "rjmp"
    1e8c:	89 2f       	mov	r24, r25
    1e8e:	8f 70       	andi	r24, 0x0F	; 15
    1e90:	80 6c       	ori	r24, 0xC0	; 192
    1e92:	80 93 73 00 	sts	0x0073, r24	; 0x800073 <_edata+0x13>
        // Add rjump to bootloader at RESET vector
        vect.word = ((uint16_t)main); // (main) is always <= 0x0FFF; no masking needed.
        buff.bptr[0] = vect.bytes[0]; // rjmp 0x1c00 instruction
    1e96:	e0 92 60 00 	sts	0x0060, r14	; 0x800060 <_edata>
 * void writebuffer(memtype, buffer, address, length)
 */
static inline void writebuffer(int8_t memtype, addr16_t mybuff,
                   addr16_t address, pagelen_t len)
{
    switch (memtype) {
    1e9a:	f5 e4       	ldi	r31, 0x45	; 69
    1e9c:	8f 12       	cpse	r8, r31
    1e9e:	01 c0       	rjmp	.+2      	; 0x1ea2 <main+0x11e>
    1ea0:	ff cf       	rjmp	.-2      	; 0x1ea0 <main+0x11c>
         * and we needed the space back.
         */
#ifdef FOURPAGEERASE
        if ((address.bytes[0] & ((SPM_PAGESIZE<<2)-1))==0) {
#endif
        __boot_page_erase_short(address.word);
    1ea2:	fe 01       	movw	r30, r28
    1ea4:	d7 be       	out	0x37, r13	; 55
    1ea6:	e8 95       	spm
        boot_spm_busy_wait();
    1ea8:	07 b6       	in	r0, 0x37	; 55
    1eaa:	00 fc       	sbrc	r0, 0
    1eac:	fd cf       	rjmp	.-6      	; 0x1ea8 <main+0x124>
    1eae:	a0 e6       	ldi	r26, 0x60	; 96
    1eb0:	b0 e0       	ldi	r27, 0x00	; 0
    1eb2:	fe 01       	movw	r30, r28

        /*
         * Copy data from the buffer into the flash write buffer.
         */
        do {
        __boot_page_fill_short((uint16_t)(void*)addrPtr, *(mybuff.wptr++));
    1eb4:	8d 91       	ld	r24, X+
    1eb6:	9d 91       	ld	r25, X+
    1eb8:	0c 01       	movw	r0, r24
    1eba:	c7 be       	out	0x37, r12	; 55
    1ebc:	e8 95       	spm
    1ebe:	11 24       	eor	r1, r1
        addrPtr += 2;
        } while (len -= 2);
    1ec0:	9a 94       	dec	r9
    1ec2:	9a 94       	dec	r9
    1ec4:	32 96       	adiw	r30, 0x02	; 2
    1ec6:	91 10       	cpse	r9, r1
    1ec8:	f5 cf       	rjmp	.-22     	; 0x1eb4 <main+0x130>

        /*
         * Actually Write the buffer to flash (and wait for it to finish.)
         */
        __boot_page_write_short(address.word);
    1eca:	fe 01       	movw	r30, r28
    1ecc:	b7 be       	out	0x37, r11	; 55
    1ece:	e8 95       	spm
        boot_spm_busy_wait();
    1ed0:	07 b6       	in	r0, 0x37	; 55
    1ed2:	00 fc       	sbrc	r0, 0
    1ed4:	fd cf       	rjmp	.-6      	; 0x1ed0 <main+0x14c>
    1ed6:	37 c0       	rjmp	.+110    	; 0x1f46 <main+0x1c2>
      writebuffer(desttype, buff, address, savelength);


    }
    /* Read memory block mode, length is big endian.  */
    else if(ch == STK_READ_PAGE) {
    1ed8:	84 37       	cpi	r24, 0x74	; 116
    1eda:	39 f5       	brne	.+78     	; 0x1f2a <main+0x1a6>
      uint8_t desttype;
      GETLENGTH(length);
    1edc:	46 d0       	rcall	.+140    	; 0x1f6a <getch>
    1ede:	45 d0       	rcall	.+138    	; 0x1f6a <getch>
    1ee0:	98 2e       	mov	r9, r24

      desttype = getch();
    1ee2:	43 d0       	rcall	.+134    	; 0x1f6a <getch>

      verifySpace();
    1ee4:	5a d0       	rcall	.+180    	; 0x1f9a <verifySpace>
    1ee6:	8e 01       	movw	r16, r28
#endif
    default:
    do {
#ifdef VIRTUAL_BOOT_PARTITION
        // Undo vector patch in bottom page so verify passes
        if (address.word == rstVect0) ch = rstVect0_sav;
    1ee8:	01 15       	cp	r16, r1
    1eea:	11 05       	cpc	r17, r1
    1eec:	19 f4       	brne	.+6      	; 0x1ef4 <main+0x170>
    1eee:	80 91 e4 00 	lds	r24, 0x00E4	; 0x8000e4 <_edata+0x84>
    1ef2:	14 c0       	rjmp	.+40     	; 0x1f1c <main+0x198>
        else if (address.word == rstVect1) ch = rstVect1_sav;
    1ef4:	01 30       	cpi	r16, 0x01	; 1
    1ef6:	11 05       	cpc	r17, r1
    1ef8:	19 f4       	brne	.+6      	; 0x1f00 <main+0x17c>
    1efa:	80 91 e5 00 	lds	r24, 0x00E5	; 0x8000e5 <_edata+0x85>
    1efe:	0e c0       	rjmp	.+28     	; 0x1f1c <main+0x198>
        else if (address.word == saveVect0) ch = saveVect0_sav;
    1f00:	02 31       	cpi	r16, 0x12	; 18
    1f02:	11 05       	cpc	r17, r1
    1f04:	19 f4       	brne	.+6      	; 0x1f0c <main+0x188>
    1f06:	80 91 e6 00 	lds	r24, 0x00E6	; 0x8000e6 <_edata+0x86>
    1f0a:	08 c0       	rjmp	.+16     	; 0x1f1c <main+0x198>
        else if (address.word == saveVect1) ch = saveVect1_sav;
    1f0c:	03 31       	cpi	r16, 0x13	; 19
    1f0e:	11 05       	cpc	r17, r1
    1f10:	19 f4       	brne	.+6      	; 0x1f18 <main+0x194>
    1f12:	80 91 e7 00 	lds	r24, 0x00E7	; 0x8000e7 <_edata+0x87>
    1f16:	02 c0       	rjmp	.+4      	; 0x1f1c <main+0x198>
        else ch = pgm_read_byte_near(address.bptr);
    1f18:	f8 01       	movw	r30, r16
    1f1a:	84 91       	lpm	r24, Z
        __asm__ ("elpm %0,Z+\n" : "=r" (ch), "=z" (address.bptr): "1" (address));
#else
        // read a Flash byte and increment the address
        __asm__ ("lpm %0,Z+\n" : "=r" (ch), "=z" (address.bptr): "1" (address));
#endif
        putch(ch);
    1f1c:	17 d0       	rcall	.+46     	; 0x1f4c <putch>
    } while (--length);
    1f1e:	9a 94       	dec	r9
    1f20:	0f 5f       	subi	r16, 0xFF	; 255
    1f22:	1f 4f       	sbci	r17, 0xFF	; 255
    1f24:	91 10       	cpse	r9, r1
    1f26:	e0 cf       	rjmp	.-64     	; 0x1ee8 <main+0x164>
    1f28:	0e c0       	rjmp	.+28     	; 0x1f46 <main+0x1c2>

      read_mem(desttype, address, length);
    }

    /* Get device signature bytes  */
    else if(ch == STK_READ_SIGN) {
    1f2a:	85 37       	cpi	r24, 0x75	; 117
    1f2c:	39 f4       	brne	.+14     	; 0x1f3c <main+0x1b8>
      // READ SIGN - return what Avrdude wants to hear
      verifySpace();
    1f2e:	35 d0       	rcall	.+106    	; 0x1f9a <verifySpace>
      putch(SIGNATURE_0);
    1f30:	8e e1       	ldi	r24, 0x1E	; 30
    1f32:	0c d0       	rcall	.+24     	; 0x1f4c <putch>
      putch(SIGNATURE_1);
    1f34:	83 e9       	ldi	r24, 0x93	; 147
    1f36:	0a d0       	rcall	.+20     	; 0x1f4c <putch>
      putch(SIGNATURE_2);
    1f38:	8d e0       	ldi	r24, 0x0D	; 13
    1f3a:	62 cf       	rjmp	.-316    	; 0x1e00 <main+0x7c>
    }
    else if (ch == STK_LEAVE_PROGMODE) { /* 'Q' */
    1f3c:	81 35       	cpi	r24, 0x51	; 81
    1f3e:	11 f4       	brne	.+4      	; 0x1f44 <main+0x1c0>
      // Adaboot no-wait mod
      watchdogConfig(WATCHDOG_16MS);
    1f40:	88 e0       	ldi	r24, 0x08	; 8
    1f42:	27 d0       	rcall	.+78     	; 0x1f92 <watchdogConfig>
      verifySpace();
    }
    else {
      // This covers the response to commands like STK_ENTER_PROGMODE
      verifySpace();
    1f44:	2a d0       	rcall	.+84     	; 0x1f9a <verifySpace>
    }
    putch(STK_OK);
    1f46:	80 e1       	ldi	r24, 0x10	; 16
    1f48:	01 d0       	rcall	.+2      	; 0x1f4c <putch>
  }
    1f4a:	4d cf       	rjmp	.-358    	; 0x1de6 <main+0x62>

00001f4c <putch>:
  RS485_PORT &= ~_BV(RS485);
  #else
  RS485_PORT |= _BV(RS485);
  #endif
#endif
  __asm__ __volatile__ (
    1f4c:	2a e0       	ldi	r18, 0x0A	; 10
    1f4e:	30 e0       	ldi	r19, 0x00	; 0
    1f50:	80 95       	com	r24
    1f52:	08 94       	sec
    1f54:	10 f4       	brcc	.+4      	; 0x1f5a <putch+0xe>
    1f56:	de 98       	cbi	0x1b, 6	; 27
    1f58:	02 c0       	rjmp	.+4      	; 0x1f5e <putch+0x12>
    1f5a:	de 9a       	sbi	0x1b, 6	; 27
    1f5c:	00 00       	nop
    1f5e:	15 d0       	rcall	.+42     	; 0x1f8a <uartDelay>
    1f60:	14 d0       	rcall	.+40     	; 0x1f8a <uartDelay>
    1f62:	86 95       	lsr	r24
    1f64:	2a 95       	dec	r18
    1f66:	b1 f7       	brne	.-20     	; 0x1f54 <putch+0x8>
    1f68:	08 95       	ret

00001f6a <getch>:
}
#endif

// Watchdog functions. These are only safe with interrupts turned off.
void watchdogReset() {
  __asm__ __volatile__ (
    1f6a:	a8 95       	wdr
#endif
#endif

#ifdef SOFT_UART
    watchdogReset();
  __asm__ __volatile__ (
    1f6c:	29 e0       	ldi	r18, 0x09	; 9
    1f6e:	30 e0       	ldi	r19, 0x00	; 0
    1f70:	cf 99       	sbic	0x19, 7	; 25
    1f72:	fe cf       	rjmp	.-4      	; 0x1f70 <getch+0x6>
    1f74:	0a d0       	rcall	.+20     	; 0x1f8a <uartDelay>
    1f76:	09 d0       	rcall	.+18     	; 0x1f8a <uartDelay>
    1f78:	08 d0       	rcall	.+16     	; 0x1f8a <uartDelay>
    1f7a:	88 94       	clc
    1f7c:	cf 99       	sbic	0x19, 7	; 25
    1f7e:	08 94       	sec
    1f80:	2a 95       	dec	r18
    1f82:	11 f0       	breq	.+4      	; 0x1f88 <getch+0x1e>
    1f84:	87 95       	ror	r24
    1f86:	f7 cf       	rjmp	.-18     	; 0x1f76 <getch+0xc>
  LED_PIN |= _BV(LED);
#endif
#endif

  return ch;
}
    1f88:	08 95       	ret

00001f8a <uartDelay>:
#error Baud rate too high for soft UART
#endif


void uartDelay() {
  __asm__ __volatile__ (
    1f8a:	96 e3       	ldi	r25, 0x36	; 54
    1f8c:	9a 95       	dec	r25
    1f8e:	f1 f7       	brne	.-4      	; 0x1f8c <uartDelay+0x2>
    1f90:	08 95       	ret

00001f92 <watchdogConfig>:
void watchdogConfig(uint8_t x) {
#ifdef WDCE //does it have a Watchdog Change Enable?
 #ifdef WDTCSR
  WDTCSR = _BV(WDCE) | _BV(WDE);
 #else
  WDTCR= _BV(WDCE) | _BV(WDE);
    1f92:	98 e1       	ldi	r25, 0x18	; 24
    1f94:	91 bd       	out	0x21, r25	; 33
#endif

#ifdef WDTCSR
  WDTCSR = x;
#else
  WDTCR= x;
    1f96:	81 bd       	out	0x21, r24	; 33
    1f98:	08 95       	ret

00001f9a <verifySpace>:
  do getch(); while (--count);
  verifySpace();
}

void verifySpace() {
  if (getch() != CRC_EOP) {
    1f9a:	e7 df       	rcall	.-50     	; 0x1f6a <getch>
    1f9c:	80 32       	cpi	r24, 0x20	; 32
    1f9e:	19 f0       	breq	.+6      	; 0x1fa6 <verifySpace+0xc>
    watchdogConfig(WATCHDOG_16MS);    // shorten WD timeout
    1fa0:	88 e0       	ldi	r24, 0x08	; 8
    1fa2:	f7 df       	rcall	.-18     	; 0x1f92 <watchdogConfig>
    1fa4:	ff cf       	rjmp	.-2      	; 0x1fa4 <verifySpace+0xa>
    while (1)                  // and busy-loop so that WD causes
      ;                      //  a reset and app start.
  }
  putch(STK_INSYNC);
    1fa6:	84 e1       	ldi	r24, 0x14	; 20
    1fa8:	d1 cf       	rjmp	.-94     	; 0x1f4c <putch>

00001faa <getNch>:
    ::[count] "M" (UART_B_VALUE)
  );
}
#endif

void getNch(uint8_t count) {
    1faa:	cf 93       	push	r28
    1fac:	c8 2f       	mov	r28, r24
  do getch(); while (--count);
    1fae:	dd df       	rcall	.-70     	; 0x1f6a <getch>
    1fb0:	c1 50       	subi	r28, 0x01	; 1
    1fb2:	e9 f7       	brne	.-6      	; 0x1fae <getNch+0x4>
  verifySpace();
}
    1fb4:	cf 91       	pop	r28
}
#endif

void getNch(uint8_t count) {
  do getch(); while (--count);
  verifySpace();
    1fb6:	f1 cf       	rjmp	.-30     	; 0x1f9a <verifySpace>

00001fb8 <do_spm>:
 *   data=0 in WRITE
 */
static void do_spm(uint16_t address, uint8_t command, uint16_t data)  __attribute__ ((used));
static void do_spm(uint16_t address, uint8_t command, uint16_t data) {
    // Do spm stuff
    asm volatile (
    1fb8:	fc 01       	movw	r30, r24
    1fba:	0a 01       	movw	r0, r20
    1fbc:	67 bf       	out	0x37, r22	; 55
    1fbe:	e8 95       	spm
    1fc0:	11 24       	eor	r1, r1
    );

    // wait for spm to complete
    //   it doesn't have much sense for __BOOT_PAGE_FILL,
    //   but it doesn't hurt and saves some bytes on 'if'
    boot_spm_busy_wait();
    1fc2:	07 b6       	in	r0, 0x37	; 55
    1fc4:	00 fc       	sbrc	r0, 0
    1fc6:	fd cf       	rjmp	.-6      	; 0x1fc2 <do_spm+0xa>
    if ((command & (_BV(PGWRT)|_BV(PGERS))) && (data == 0) ) {
      // Re-enable read access to flash
      __boot_rww_enable_short();
    }
#endif
}
    1fc8:	08 95       	ret
