
optiboot_attiny841.elf:     file format elf32-avr

Sections:
Idx Name          Size      VMA       LMA       File off  Algn
  0 .data         00000000  00800100  00001fda  000002ee  2**0
                  CONTENTS, ALLOC, LOAD, DATA
  1 .text         0000025a  00001d80  00001d80  00000094  2**1
                  CONTENTS, ALLOC, LOAD, READONLY, CODE
  2 .version      00000002  00001ffe  00001ffe  000002ee  2**0
                  CONTENTS, ALLOC, LOAD, READONLY, DATA
  3 .comment      00000011  00000000  00000000  000002f0  2**0
                  CONTENTS, READONLY
  4 .debug_aranges 00000030  00000000  00000000  00000301  2**0
                  CONTENTS, READONLY, DEBUGGING
  5 .debug_info   00000664  00000000  00000000  00000331  2**0
                  CONTENTS, READONLY, DEBUGGING
  6 .debug_abbrev 000002c8  00000000  00000000  00000995  2**0
                  CONTENTS, READONLY, DEBUGGING
  7 .debug_line   000003ad  00000000  00000000  00000c5d  2**0
                  CONTENTS, READONLY, DEBUGGING
  8 .debug_frame  0000009c  00000000  00000000  0000100c  2**2
                  CONTENTS, READONLY, DEBUGGING
  9 .debug_str    00000214  00000000  00000000  000010a8  2**0
                  CONTENTS, READONLY, DEBUGGING
 10 .debug_loc    000003ab  00000000  00000000  000012bc  2**0
                  CONTENTS, READONLY, DEBUGGING
 11 .debug_ranges 00000080  00000000  00000000  00001667  2**0
                  CONTENTS, READONLY, DEBUGGING

Disassembly of section .text:

00001d80 <pre_main>:
/* everything that needs to run VERY early */
void pre_main(void) {
  // Allow convenient way of calling do_spm function - jump table,
  //   so entry to this function will always be here, independent of compilation,
  //   features etc
  asm volatile (
    1d80:	01 c0       	rjmp	.+2      	; 0x1d84 <main>
    1d82:	22 c1       	rjmp	.+580    	; 0x1fc8 <do_spm>

00001d84 <main>:
  //  SP points to RAMEND
  //  r1 contains zero
  //
  // If not, uncomment the following instructions:
  // cli();
  asm volatile ("clr __zero_reg__");
    1d84:	11 24       	eor	r1, r1
   *
   * Code by MarkG55
   * see discussion in https://github.com/Optiboot/optiboot/issues/97
   */

  ch = MCUSTATUSREG;
    1d86:	84 b7       	in	r24, 0x34	; 52

  // Skip all logic and run bootloader if MCUSR is cleared (application request)
  if (ch != 0) {
    1d88:	88 23       	and	r24, r24
    1d8a:	79 f0       	breq	.+30     	; 0x1daa <main+0x26>
     * an external reset - only useful in combination with above,
     * for some unusual use cases.
     *
     */
#if (!(defined(START_APP_ON_EXTR)||defined(NO_START_APP_ON_POR))) //normal behavior
    if ((ch & (_BV(WDRF) | _BV(EXTRF))) != _BV(EXTRF)) {                      // Run app if EXTRF not set, or WDRF and EXTRF set
    1d8c:	98 2f       	mov	r25, r24
    1d8e:	9a 70       	andi	r25, 0x0A	; 10
    1d90:	92 30       	cpi	r25, 0x02	; 2
    1d92:	59 f0       	breq	.+22     	; 0x1daa <main+0x26>
      if (ch & _BV(EXTRF)) {                                                  // Both WDRF and EXTRF are set
    1d94:	81 ff       	sbrs	r24, 1
    1d96:	03 c0       	rjmp	.+6      	; 0x1d9e <main+0x1a>
         * Clear WDRF because it was most probably set by wdr in bootloader.
         * It's also needed to avoid loop by broken application which could
         * prevent entering bootloader.
         * '&= allows CBI to be used, saves flash
         */
        MCUSTATUSREG &= ~(_BV(WDRF));
    1d98:	94 b7       	in	r25, 0x34	; 52
    1d9a:	97 7f       	andi	r25, 0xF7	; 247
    1d9c:	94 bf       	out	0x34, r25	; 52
      /*
       * save the reset flags in the designated register
       * This can be saved in a main program by putting code in .init0 (which
       * executes before normal c init code) to save R2 to a global variable.
       */
      __asm__ __volatile__ ("mov r2, %0\n" :: "r" (ch));
    1d9e:	28 2e       	mov	r2, r24

      // switch off watchdog
      watchdogConfig(WATCHDOG_OFF);
    1da0:	80 e0       	ldi	r24, 0x00	; 0
    1da2:	fe d0       	rcall	.+508    	; 0x1fa0 <watchdogConfig>
      // Note that appstart_vec is defined so that this works with either
      // real or virtual boot partitions.
       __asm__ __volatile__ (
    1da4:	ee e0       	ldi	r30, 0x0E	; 14
    1da6:	ff 27       	eor	r31, r31
    1da8:	09 94       	ijmp
#elif defined(__AVR_ATtiny25__)||defined(__AVR_ATtiny45__)||defined(__AVR_ATtiny85__)
  TCCR1 = 0x0E; //div 8196 - it's an 8-bit timer.
#elif defined(__AVR_ATtiny43__)
  #error "LED flash for Tiny43 not yet supported"
#else
  TCCR1B = _BV(CS12) | _BV(CS10); // div 1024
    1daa:	85 e0       	ldi	r24, 0x05	; 5
    1dac:	8e bd       	out	0x2e, r24	; 46
  LINBTR = (1 << LDISR) | (8 << LBT0);
  LINCR = _BV(LENA) | _BV(LCMD2) | _BV(LCMD1) | _BV(LCMD0);
  LINDAT=0;
    #else
      #ifndef SINGLESPEED
  UART_SRA = _BV(U2X0); //Double speed mode USART0
    1dae:	82 e0       	ldi	r24, 0x02	; 2
    1db0:	80 93 96 00 	sts	0x0096, r24	; 0x800096 <__EEPROM_REGION_LENGTH__+0x7f0096>
      #endif
  UART_SRB = _BV(RXEN0) | _BV(TXEN0);
    1db4:	88 e1       	ldi	r24, 0x18	; 24
    1db6:	80 93 95 00 	sts	0x0095, r24	; 0x800095 <__EEPROM_REGION_LENGTH__+0x7f0095>
  UART_SRC = _BV(UCSZ00) | _BV(UCSZ01);
    1dba:	86 e0       	ldi	r24, 0x06	; 6
    1dbc:	80 93 94 00 	sts	0x0094, r24	; 0x800094 <__EEPROM_REGION_LENGTH__+0x7f0094>
  UART_SRL = (uint8_t)BAUD_SETTING;
    1dc0:	8c e0       	ldi	r24, 0x0C	; 12
    1dc2:	80 93 91 00 	sts	0x0091, r24	; 0x800091 <__EEPROM_REGION_LENGTH__+0x7f0091>
  RS485_PORT &= ~_BV(RS485);
  #endif
#endif

  // Set up watchdog to trigger after 1s
  watchdogConfig(WDTPERIOD);
    1dc6:	8e e0       	ldi	r24, 0x0E	; 14
    1dc8:	eb d0       	rcall	.+470    	; 0x1fa0 <watchdogConfig>

#if (LED_START_FLASHES > 0) || defined(LED_DATA_FLASH) || defined(LED_START_ON)
  /* Set LED pin as output */
  LED_DDR |= _BV(LED);
    1dca:	ba 9a       	sbi	0x17, 2	; 23
    1dcc:	86 e0       	ldi	r24, 0x06	; 6
        TIFR = _BV(TOV1);
        while(!(TIFR & _BV(TOV1)));
    #elif defined(__AVR_ATtiny43__)
        #error "LED flash for Tiny43 not yet supported"
    #else
        TCNT1 = -(F_CPU/(1024*16));
    1dce:	23 ec       	ldi	r18, 0xC3	; 195
    1dd0:	3f ef       	ldi	r19, 0xFF	; 255
        TIFR1 = _BV(TOV1);
    1dd2:	91 e0       	ldi	r25, 0x01	; 1
        TIFR = _BV(TOV1);
        while(!(TIFR & _BV(TOV1)));
    #elif defined(__AVR_ATtiny43__)
        #error "LED flash for Tiny43 not yet supported"
    #else
        TCNT1 = -(F_CPU/(1024*16));
    1dd4:	3d bd       	out	0x2d, r19	; 45
    1dd6:	2c bd       	out	0x2c, r18	; 44
        TIFR1 = _BV(TOV1);
    1dd8:	9e b9       	out	0x0e, r25	; 14
        while(!(TIFR1 & _BV(TOV1)));
    1dda:	70 9b       	sbis	0x0e, 0	; 14
    1ddc:	fe cf       	rjmp	.-4      	; 0x1dda <main+0x56>
    defined(__AVR_ATmega8535__) || defined(__AVR_ATmega16__)   ||    \
    defined(__AVR_ATmega162__)  || defined(__AVR_ATmega32__)   ||    \
    defined(__AVR_ATmega64__)   || defined(__AVR_ATmega128__)
    LED_PORT ^= _BV(LED);
#else
    LED_PIN |= _BV(LED);
    1dde:	b2 9a       	sbi	0x16, 2	; 22
}
#endif

// Watchdog functions. These are only safe with interrupts turned off.
void watchdogReset() {
  __asm__ __volatile__ (
    1de0:	a8 95       	wdr
     *  by the UART hardware, avrdude sends several attempts in rather
     *  quick succession, some of which will be lost and cause us to
     *  get out of sync.  So if we see any data; stop blinking.
     */
#ifndef LIN_UART
    if (UART_SRA & _BV(RXC0))
    1de2:	40 91 96 00 	lds	r20, 0x0096	; 0x800096 <__EEPROM_REGION_LENGTH__+0x7f0096>
    1de6:	47 fd       	sbrc	r20, 7
    1de8:	02 c0       	rjmp	.+4      	; 0x1dee <main+0x6a>
    1dea:	81 50       	subi	r24, 0x01	; 1
#else
// This doesn't seem to work?
//    if ((UART_PIN & (1<<UART_RX_BIT)) == 0)
//    break;  // detect start bit on soft uart too.
#endif
  } while (--count);
    1dec:	99 f7       	brne	.-26     	; 0x1dd4 <main+0x50>

        /*
         * Copy data from the buffer into the flash write buffer.
         */
        do {
        __boot_page_fill_short((uint16_t)(void*)addrPtr, *(mybuff.wptr++));
    1dee:	aa 24       	eor	r10, r10
    1df0:	a3 94       	inc	r10
        } while (len -= 2);

        /*
         * Actually Write the buffer to flash (and wait for it to finish.)
         */
        __boot_page_write_short(address.word);
    1df2:	95 e0       	ldi	r25, 0x05	; 5
    1df4:	99 2e       	mov	r9, r25
        // Move RESET vector to 'save' vector
    // Save jmp targets (for "Verify")
    rstVect0_sav = buff.bptr[rstVect0];
    rstVect1_sav = buff.bptr[rstVect1];
    addr16_t vect;
    vect.word = ((uint16_t)main);
    1df6:	22 ec       	ldi	r18, 0xC2	; 194
    1df8:	c2 2e       	mov	r12, r18
    1dfa:	2e e0       	ldi	r18, 0x0E	; 14
    1dfc:	d2 2e       	mov	r13, r18
    buff.bptr[0] = vect.bytes[0]; // rjmp to start of bootloader
    buff.bptr[1] = vect.bytes[1] | 0xC0;  // make an "rjmp"
    1dfe:	8d 2d       	mov	r24, r13
    1e00:	80 6c       	ori	r24, 0xC0	; 192
    1e02:	88 2e       	mov	r8, r24
#endif

  /* Forever loop: exits by causing WDT reset */
  for (;;) {
    /* get character from UART */
    ch = getch();
    1e04:	c1 d0       	rcall	.+386    	; 0x1f88 <getch>

    if(ch == STK_GET_PARAMETER) {
    1e06:	81 34       	cpi	r24, 0x41	; 65
    1e08:	61 f4       	brne	.+24     	; 0x1e22 <main+0x9e>
      unsigned char which = getch();
    1e0a:	be d0       	rcall	.+380    	; 0x1f88 <getch>
    1e0c:	18 2f       	mov	r17, r24
      verifySpace();
    1e0e:	cd d0       	rcall	.+410    	; 0x1faa <verifySpace>
      /*
       * Send optiboot version as "SW version"
       * Note that the references to memory are optimized away.
       */
      if (which == STK_SW_MINOR) {
    1e10:	12 38       	cpi	r17, 0x82	; 130
    1e12:	e9 f0       	breq	.+58     	; 0x1e4e <main+0xca>
      putch(optiboot_version & 0xFF);
      } else if (which == STK_SW_MAJOR) {
    1e14:	11 38       	cpi	r17, 0x81	; 129
    1e16:	11 f4       	brne	.+4      	; 0x1e1c <main+0x98>
      putch(optiboot_version >> 8);
    1e18:	8b e3       	ldi	r24, 0x3B	; 59
    1e1a:	01 c0       	rjmp	.+2      	; 0x1e1e <main+0x9a>
      } else {
    /*
     * GET PARAMETER returns a generic 0x03 reply for
         * other parameters - enough to keep Avrdude happy
     */
    putch(0x03);
    1e1c:	83 e0       	ldi	r24, 0x03	; 3
    1e1e:	ad d0       	rcall	.+346    	; 0x1f7a <putch>
    1e20:	a9 c0       	rjmp	.+338    	; 0x1f74 <main+0x1f0>
      }
    }
    else if(ch == STK_SET_DEVICE) {
    1e22:	82 34       	cpi	r24, 0x42	; 66
    1e24:	11 f4       	brne	.+4      	; 0x1e2a <main+0xa6>
      // SET DEVICE is ignored
      getNch(20);
    1e26:	84 e1       	ldi	r24, 0x14	; 20
    1e28:	03 c0       	rjmp	.+6      	; 0x1e30 <main+0xac>
    }
    else if(ch == STK_SET_DEVICE_EXT) {
    1e2a:	85 34       	cpi	r24, 0x45	; 69
    1e2c:	19 f4       	brne	.+6      	; 0x1e34 <main+0xb0>
      // SET DEVICE EXT is ignored
      getNch(5);
    1e2e:	85 e0       	ldi	r24, 0x05	; 5
    1e30:	c4 d0       	rcall	.+392    	; 0x1fba <getNch>
    1e32:	a0 c0       	rjmp	.+320    	; 0x1f74 <main+0x1f0>
    }
    else if(ch == STK_LOAD_ADDRESS) {
    1e34:	85 35       	cpi	r24, 0x55	; 85
    1e36:	39 f4       	brne	.+14     	; 0x1e46 <main+0xc2>
      // LOAD ADDRESS
      address.bytes[0] = getch();
    1e38:	a7 d0       	rcall	.+334    	; 0x1f88 <getch>
    1e3a:	c8 2f       	mov	r28, r24
      address.bytes[1] = getch();
    1e3c:	a5 d0       	rcall	.+330    	; 0x1f88 <getch>
    1e3e:	d8 2f       	mov	r29, r24
      }
      else {
        RAMPZ &= 0xFE;
      }
#endif
      address.word *= 2; // Convert from word address to byte address
    1e40:	cc 0f       	add	r28, r28
    1e42:	dd 1f       	adc	r29, r29
    1e44:	96 c0       	rjmp	.+300    	; 0x1f72 <main+0x1ee>
      verifySpace();
    }
    else if(ch == STK_UNIVERSAL) {
    1e46:	86 35       	cpi	r24, 0x56	; 86
    1e48:	21 f4       	brne	.+8      	; 0x1e52 <main+0xce>
        getNch(3);
        putch(0x00);
      }
#else
      // UNIVERSAL command is ignored
      getNch(4);
    1e4a:	84 e0       	ldi	r24, 0x04	; 4
    1e4c:	b6 d0       	rcall	.+364    	; 0x1fba <getNch>
      putch(0x00);
    1e4e:	80 e0       	ldi	r24, 0x00	; 0
    1e50:	e6 cf       	rjmp	.-52     	; 0x1e1e <main+0x9a>
#endif
    }
    /* Write memory, length is big endian and is in bytes */
    else if(ch == STK_PROG_PAGE) {
    1e52:	84 36       	cpi	r24, 0x64	; 100
    1e54:	09 f0       	breq	.+2      	; 0x1e58 <main+0xd4>
    1e56:	57 c0       	rjmp	.+174    	; 0x1f06 <main+0x182>
      // PROGRAM PAGE - we support flash programming only, not EEPROM
      uint8_t desttype;
      uint8_t *bufPtr;
      pagelen_t savelength;

      GETLENGTH(length);
    1e58:	97 d0       	rcall	.+302    	; 0x1f88 <getch>
    1e5a:	96 d0       	rcall	.+300    	; 0x1f88 <getch>
    1e5c:	b8 2e       	mov	r11, r24
      savelength = length;
      desttype = getch();
    1e5e:	94 d0       	rcall	.+296    	; 0x1f88 <getch>
    1e60:	78 2e       	mov	r7, r24
    1e62:	00 e0       	ldi	r16, 0x00	; 0
    1e64:	11 e0       	ldi	r17, 0x01	; 1

      // read a page worth of contents
      bufPtr = buff.bptr;
      do *bufPtr++ = getch();
    1e66:	90 d0       	rcall	.+288    	; 0x1f88 <getch>
    1e68:	f8 01       	movw	r30, r16
    1e6a:	81 93       	st	Z+, r24
    1e6c:	8f 01       	movw	r16, r30
      while (--length);
    1e6e:	be 12       	cpse	r11, r30
    1e70:	fa cf       	rjmp	.-12     	; 0x1e66 <main+0xe2>

      // Read command terminator, start reply
      verifySpace();
    1e72:	9b d0       	rcall	.+310    	; 0x1faa <verifySpace>

#else
/*
 * AVR with 2-byte ISR Vectors and rjmp
 */
      if (address.word == rstVect0) {
    1e74:	20 97       	sbiw	r28, 0x00	; 0
    1e76:	69 f4       	brne	.+26     	; 0x1e92 <main+0x10e>
        // This is the reset vector page. We need to live-patch
        // the code so the bootloader runs first.
        //
        // Move RESET vector to 'save' vector
    // Save jmp targets (for "Verify")
    rstVect0_sav = buff.bptr[rstVect0];
    1e78:	80 91 00 01 	lds	r24, 0x0100	; 0x800100 <_edata>
    1e7c:	80 93 24 01 	sts	0x0124, r24	; 0x800124 <_edata+0x24>
    rstVect1_sav = buff.bptr[rstVect1];
    1e80:	80 91 01 01 	lds	r24, 0x0101	; 0x800101 <_edata+0x1>
    1e84:	80 93 25 01 	sts	0x0125, r24	; 0x800125 <_edata+0x25>
    addr16_t vect;
    vect.word = ((uint16_t)main);
    buff.bptr[0] = vect.bytes[0]; // rjmp to start of bootloader
    1e88:	c0 92 00 01 	sts	0x0100, r12	; 0x800100 <_edata>
    buff.bptr[1] = vect.bytes[1] | 0xC0;  // make an "rjmp"
    1e8c:	80 92 01 01 	sts	0x0101, r8	; 0x800101 <_edata+0x1>
    1e90:	19 c0       	rjmp	.+50     	; 0x1ec4 <main+0x140>
#if (save_vect_num > SPM_PAGESIZE/2)
} else if (address.word == (SPM_PAGESIZE*(save_vect_num/(SPM_PAGESIZE/2)))) { //allow for any vector
    1e92:	c0 31       	cpi	r28, 0x10	; 16
    1e94:	d1 05       	cpc	r29, r1
    1e96:	b1 f4       	brne	.+44     	; 0x1ec4 <main+0x140>
    // Instruction is a relative jump (rjmp), so recalculate.
    // an RJMP instruction is 0b1100xxxx xxxxxxxx, so we should be able to
    // do math on the offsets without masking it off first.
    addr16_t vect;
    vect.bytes[0] = rstVect0_sav;
    1e98:	e0 90 24 01 	lds	r14, 0x0124	; 0x800124 <_edata+0x24>
    vect.bytes[1] = rstVect1_sav;
    1e9c:	f0 90 25 01 	lds	r15, 0x0125	; 0x800125 <_edata+0x25>
    saveVect0_sav = buff.bptr[saveVect0-(SPM_PAGESIZE*(save_vect_num/(SPM_PAGESIZE/2)))];
    1ea0:	80 91 0c 01 	lds	r24, 0x010C	; 0x80010c <_edata+0xc>
    1ea4:	80 93 26 01 	sts	0x0126, r24	; 0x800126 <_edata+0x26>
    saveVect1_sav = buff.bptr[saveVect1-(SPM_PAGESIZE*(save_vect_num/(SPM_PAGESIZE/2)))];
    1ea8:	80 91 0d 01 	lds	r24, 0x010D	; 0x80010d <_edata+0xd>
    1eac:	80 93 27 01 	sts	0x0127, r24	; 0x800127 <_edata+0x27>
    vect.word = (vect.word-save_vect_num); //subtract 'save' interrupt position
    1eb0:	fe e0       	ldi	r31, 0x0E	; 14
    1eb2:	ef 1a       	sub	r14, r31
    1eb4:	f1 08       	sbc	r15, r1
        // Move RESET jmp target to 'save' vector
        buff.bptr[saveVect0-(SPM_PAGESIZE*(save_vect_num/(SPM_PAGESIZE/2)))] = vect.bytes[0];
    1eb6:	e0 92 0c 01 	sts	0x010C, r14	; 0x80010c <_edata+0xc>
        buff.bptr[saveVect1-(SPM_PAGESIZE*(save_vect_num/(SPM_PAGESIZE/2)))] = (vect.bytes[1] & 0x0F)| 0xC0;  // make an "rjmp"
    1eba:	8f 2d       	mov	r24, r15
    1ebc:	8f 70       	andi	r24, 0x0F	; 15
    1ebe:	80 6c       	ori	r24, 0xC0	; 192
    1ec0:	80 93 0d 01 	sts	0x010D, r24	; 0x80010d <_edata+0xd>
 * void writebuffer(memtype, buffer, address, length)
 */
static inline void writebuffer(int8_t memtype, addr16_t mybuff,
                   addr16_t address, pagelen_t len)
{
    switch (memtype) {
    1ec4:	85 e4       	ldi	r24, 0x45	; 69
    1ec6:	78 12       	cpse	r7, r24
    1ec8:	01 c0       	rjmp	.+2      	; 0x1ecc <main+0x148>
    1eca:	ff cf       	rjmp	.-2      	; 0x1eca <main+0x146>
         * used to be code to do this while receiving the data over
         * the serial link, but the performance improvement was slight,
         * and we needed the space back.
         */
#ifdef FOURPAGEERASE
        if ((address.bytes[0] & ((SPM_PAGESIZE<<2)-1))==0) {
    1ecc:	8c 2f       	mov	r24, r28
    1ece:	8f 73       	andi	r24, 0x3F	; 63
    1ed0:	39 f4       	brne	.+14     	; 0x1ee0 <main+0x15c>
#endif
        __boot_page_erase_short(address.word);
    1ed2:	83 e0       	ldi	r24, 0x03	; 3
    1ed4:	fe 01       	movw	r30, r28
    1ed6:	87 bf       	out	0x37, r24	; 55
    1ed8:	e8 95       	spm
        boot_spm_busy_wait();
    1eda:	07 b6       	in	r0, 0x37	; 55
    1edc:	00 fc       	sbrc	r0, 0
    1ede:	fd cf       	rjmp	.-6      	; 0x1eda <main+0x156>
         * used to be code to do this while receiving the data over
         * the serial link, but the performance improvement was slight,
         * and we needed the space back.
         */
#ifdef FOURPAGEERASE
        if ((address.bytes[0] & ((SPM_PAGESIZE<<2)-1))==0) {
    1ee0:	fe 01       	movw	r30, r28
    1ee2:	a0 e0       	ldi	r26, 0x00	; 0
    1ee4:	b1 e0       	ldi	r27, 0x01	; 1

        /*
         * Copy data from the buffer into the flash write buffer.
         */
        do {
        __boot_page_fill_short((uint16_t)(void*)addrPtr, *(mybuff.wptr++));
    1ee6:	8d 91       	ld	r24, X+
    1ee8:	9d 91       	ld	r25, X+
    1eea:	0c 01       	movw	r0, r24
    1eec:	a7 be       	out	0x37, r10	; 55
    1eee:	e8 95       	spm
    1ef0:	11 24       	eor	r1, r1
        addrPtr += 2;
    1ef2:	32 96       	adiw	r30, 0x02	; 2
        } while (len -= 2);
    1ef4:	ba 12       	cpse	r11, r26
    1ef6:	f7 cf       	rjmp	.-18     	; 0x1ee6 <main+0x162>

        /*
         * Actually Write the buffer to flash (and wait for it to finish.)
         */
        __boot_page_write_short(address.word);
    1ef8:	fe 01       	movw	r30, r28
    1efa:	97 be       	out	0x37, r9	; 55
    1efc:	e8 95       	spm
        boot_spm_busy_wait();
    1efe:	07 b6       	in	r0, 0x37	; 55
    1f00:	00 fc       	sbrc	r0, 0
    1f02:	fd cf       	rjmp	.-6      	; 0x1efe <main+0x17a>
    1f04:	37 c0       	rjmp	.+110    	; 0x1f74 <main+0x1f0>
      writebuffer(desttype, buff, address, savelength);


    }
    /* Read memory block mode, length is big endian.  */
    else if(ch == STK_READ_PAGE) {
    1f06:	84 37       	cpi	r24, 0x74	; 116
    1f08:	39 f5       	brne	.+78     	; 0x1f58 <main+0x1d4>
      uint8_t desttype;
      GETLENGTH(length);
    1f0a:	3e d0       	rcall	.+124    	; 0x1f88 <getch>
    1f0c:	3d d0       	rcall	.+122    	; 0x1f88 <getch>
    1f0e:	b8 2e       	mov	r11, r24

      desttype = getch();
    1f10:	3b d0       	rcall	.+118    	; 0x1f88 <getch>

      verifySpace();
    1f12:	4b d0       	rcall	.+150    	; 0x1faa <verifySpace>
    1f14:	8e 01       	movw	r16, r28
#endif
    default:
    do {
#ifdef VIRTUAL_BOOT_PARTITION
        // Undo vector patch in bottom page so verify passes
        if (address.word == rstVect0) ch = rstVect0_sav;
    1f16:	01 15       	cp	r16, r1
    1f18:	11 05       	cpc	r17, r1
    1f1a:	19 f4       	brne	.+6      	; 0x1f22 <main+0x19e>
    1f1c:	80 91 24 01 	lds	r24, 0x0124	; 0x800124 <_edata+0x24>
    1f20:	14 c0       	rjmp	.+40     	; 0x1f4a <main+0x1c6>
        else if (address.word == rstVect1) ch = rstVect1_sav;
    1f22:	01 30       	cpi	r16, 0x01	; 1
    1f24:	11 05       	cpc	r17, r1
    1f26:	19 f4       	brne	.+6      	; 0x1f2e <main+0x1aa>
    1f28:	80 91 25 01 	lds	r24, 0x0125	; 0x800125 <_edata+0x25>
    1f2c:	0e c0       	rjmp	.+28     	; 0x1f4a <main+0x1c6>
        else if (address.word == saveVect0) ch = saveVect0_sav;
    1f2e:	0c 31       	cpi	r16, 0x1C	; 28
    1f30:	11 05       	cpc	r17, r1
    1f32:	19 f4       	brne	.+6      	; 0x1f3a <main+0x1b6>
    1f34:	80 91 26 01 	lds	r24, 0x0126	; 0x800126 <_edata+0x26>
    1f38:	08 c0       	rjmp	.+16     	; 0x1f4a <main+0x1c6>
        else if (address.word == saveVect1) ch = saveVect1_sav;
    1f3a:	0d 31       	cpi	r16, 0x1D	; 29
    1f3c:	11 05       	cpc	r17, r1
    1f3e:	19 f4       	brne	.+6      	; 0x1f46 <main+0x1c2>
    1f40:	80 91 27 01 	lds	r24, 0x0127	; 0x800127 <_edata+0x27>
    1f44:	02 c0       	rjmp	.+4      	; 0x1f4a <main+0x1c6>
        else ch = pgm_read_byte_near(address.bptr);
    1f46:	f8 01       	movw	r30, r16
    1f48:	84 91       	lpm	r24, Z
        __asm__ ("elpm %0,Z+\n" : "=r" (ch), "=z" (address.bptr): "1" (address));
#else
        // read a Flash byte and increment the address
        __asm__ ("lpm %0,Z+\n" : "=r" (ch), "=z" (address.bptr): "1" (address));
#endif
        putch(ch);
    1f4a:	17 d0       	rcall	.+46     	; 0x1f7a <putch>
    } while (--length);
    1f4c:	ba 94       	dec	r11
    1f4e:	0f 5f       	subi	r16, 0xFF	; 255
    1f50:	1f 4f       	sbci	r17, 0xFF	; 255
    1f52:	b1 10       	cpse	r11, r1
    1f54:	e0 cf       	rjmp	.-64     	; 0x1f16 <main+0x192>
    1f56:	0e c0       	rjmp	.+28     	; 0x1f74 <main+0x1f0>

      read_mem(desttype, address, length);
    }

    /* Get device signature bytes  */
    else if(ch == STK_READ_SIGN) {
    1f58:	85 37       	cpi	r24, 0x75	; 117
    1f5a:	39 f4       	brne	.+14     	; 0x1f6a <main+0x1e6>
      // READ SIGN - return what Avrdude wants to hear
      verifySpace();
    1f5c:	26 d0       	rcall	.+76     	; 0x1faa <verifySpace>
      putch(SIGNATURE_0);
    1f5e:	8e e1       	ldi	r24, 0x1E	; 30
    1f60:	0c d0       	rcall	.+24     	; 0x1f7a <putch>
      putch(SIGNATURE_1);
    1f62:	83 e9       	ldi	r24, 0x93	; 147
    1f64:	0a d0       	rcall	.+20     	; 0x1f7a <putch>
      putch(SIGNATURE_2);
    1f66:	85 e1       	ldi	r24, 0x15	; 21
    1f68:	5a cf       	rjmp	.-332    	; 0x1e1e <main+0x9a>
    }
    else if (ch == STK_LEAVE_PROGMODE) { /* 'Q' */
    1f6a:	81 35       	cpi	r24, 0x51	; 81
    1f6c:	11 f4       	brne	.+4      	; 0x1f72 <main+0x1ee>
      // Adaboot no-wait mod
      watchdogConfig(WATCHDOG_16MS);
    1f6e:	88 e0       	ldi	r24, 0x08	; 8
    1f70:	17 d0       	rcall	.+46     	; 0x1fa0 <watchdogConfig>
      verifySpace();
    }
    else {
      // This covers the response to commands like STK_ENTER_PROGMODE
      verifySpace();
    1f72:	1b d0       	rcall	.+54     	; 0x1faa <verifySpace>
    }
    putch(STK_OK);
    1f74:	80 e1       	ldi	r24, 0x10	; 16
    1f76:	01 d0       	rcall	.+2      	; 0x1f7a <putch>
  }
    1f78:	45 cf       	rjmp	.-374    	; 0x1e04 <main+0x80>

00001f7a <putch>:
      RS485_PORT |= _BV(RS485);
      #else
      RS485_PORT &= ~_BV(RS485);
      #endif
    #else //not RS485
      while (!(UART_SRA & _BV(UDRE0))) {  /* Spin */ }
    1f7a:	90 91 96 00 	lds	r25, 0x0096	; 0x800096 <__EEPROM_REGION_LENGTH__+0x7f0096>
    1f7e:	95 ff       	sbrs	r25, 5
    1f80:	fc cf       	rjmp	.-8      	; 0x1f7a <putch>
        UART_UDR = ch;
    1f82:	80 93 90 00 	sts	0x0090, r24	; 0x800090 <__EEPROM_REGION_LENGTH__+0x7f0090>
    1f86:	08 95       	ret

00001f88 <getch>:
    :
      "r25"
);
#else
#ifndef LIN_UART
  while(!(UART_SRA & _BV(RXC0)))  {  /* Spin */ }
    1f88:	80 91 96 00 	lds	r24, 0x0096	; 0x800096 <__EEPROM_REGION_LENGTH__+0x7f0096>
    1f8c:	87 ff       	sbrs	r24, 7
    1f8e:	fc cf       	rjmp	.-8      	; 0x1f88 <getch>
  if (!(UART_SRA & _BV(FE0))) {
    1f90:	80 91 96 00 	lds	r24, 0x0096	; 0x800096 <__EEPROM_REGION_LENGTH__+0x7f0096>
    1f94:	84 fd       	sbrc	r24, 4
    1f96:	01 c0       	rjmp	.+2      	; 0x1f9a <getch+0x12>
}
#endif

// Watchdog functions. These are only safe with interrupts turned off.
void watchdogReset() {
  __asm__ __volatile__ (
    1f98:	a8 95       	wdr
       * don't care that an invalid char is returned...)
       */
    watchdogReset();
  }

  ch = UART_UDR;
    1f9a:	80 91 90 00 	lds	r24, 0x0090	; 0x800090 <__EEPROM_REGION_LENGTH__+0x7f0090>
  LED_PIN |= _BV(LED);
#endif
#endif

  return ch;
}
    1f9e:	08 95       	ret

00001fa0 <watchdogConfig>:
  WDTCSR = _BV(WDCE) | _BV(WDE);
 #else
  WDTCR= _BV(WDCE) | _BV(WDE);
 #endif
#else //then it must be one of those newfangled ones that use CCP
  CCP=0xD8; //so write this magic number to CCP
    1fa0:	98 ed       	ldi	r25, 0xD8	; 216
    1fa2:	90 93 71 00 	sts	0x0071, r25	; 0x800071 <__EEPROM_REGION_LENGTH__+0x7f0071>
#endif

#ifdef WDTCSR
  WDTCSR = x;
    1fa6:	81 bd       	out	0x21, r24	; 33
    1fa8:	08 95       	ret

00001faa <verifySpace>:
  do getch(); while (--count);
  verifySpace();
}

void verifySpace() {
  if (getch() != CRC_EOP) {
    1faa:	ee df       	rcall	.-36     	; 0x1f88 <getch>
    1fac:	80 32       	cpi	r24, 0x20	; 32
    1fae:	19 f0       	breq	.+6      	; 0x1fb6 <verifySpace+0xc>
    watchdogConfig(WATCHDOG_16MS);    // shorten WD timeout
    1fb0:	88 e0       	ldi	r24, 0x08	; 8
    1fb2:	f6 df       	rcall	.-20     	; 0x1fa0 <watchdogConfig>
    1fb4:	ff cf       	rjmp	.-2      	; 0x1fb4 <verifySpace+0xa>
    while (1)                  // and busy-loop so that WD causes
      ;                      //  a reset and app start.
  }
  putch(STK_INSYNC);
    1fb6:	84 e1       	ldi	r24, 0x14	; 20
    1fb8:	e0 cf       	rjmp	.-64     	; 0x1f7a <putch>

00001fba <getNch>:
    ::[count] "M" (UART_B_VALUE)
  );
}
#endif

void getNch(uint8_t count) {
    1fba:	cf 93       	push	r28
    1fbc:	c8 2f       	mov	r28, r24
  do getch(); while (--count);
    1fbe:	e4 df       	rcall	.-56     	; 0x1f88 <getch>
    1fc0:	c1 50       	subi	r28, 0x01	; 1
    1fc2:	e9 f7       	brne	.-6      	; 0x1fbe <getNch+0x4>
  verifySpace();
}
    1fc4:	cf 91       	pop	r28
}
#endif

void getNch(uint8_t count) {
  do getch(); while (--count);
  verifySpace();
    1fc6:	f1 cf       	rjmp	.-30     	; 0x1faa <verifySpace>

00001fc8 <do_spm>:
 *   data=0 in WRITE
 */
static void do_spm(uint16_t address, uint8_t command, uint16_t data)  __attribute__ ((used));
static void do_spm(uint16_t address, uint8_t command, uint16_t data) {
    // Do spm stuff
    asm volatile (
    1fc8:	fc 01       	movw	r30, r24
    1fca:	0a 01       	movw	r0, r20
    1fcc:	67 bf       	out	0x37, r22	; 55
    1fce:	e8 95       	spm
    1fd0:	11 24       	eor	r1, r1
    );

    // wait for spm to complete
    //   it doesn't have much sense for __BOOT_PAGE_FILL,
    //   but it doesn't hurt and saves some bytes on 'if'
    boot_spm_busy_wait();
    1fd2:	07 b6       	in	r0, 0x37	; 55
    1fd4:	00 fc       	sbrc	r0, 0
    1fd6:	fd cf       	rjmp	.-6      	; 0x1fd2 <do_spm+0xa>
    if ((command & (_BV(PGWRT)|_BV(PGERS))) && (data == 0) ) {
      // Re-enable read access to flash
      __boot_rww_enable_short();
    }
#endif
}
    1fd8:	08 95       	ret
