
optiboot_attiny87.elf:     file format elf32-avr

Sections:
Idx Name          Size      VMA       LMA       File off  Algn
  0 .data         00000000  00800100  00001fd0  000002e4  2**0
                  CONTENTS, ALLOC, LOAD, DATA
  1 .text         00000250  00001d80  00001d80  00000094  2**1
                  CONTENTS, ALLOC, LOAD, READONLY, CODE
  2 .version      00000002  00001ffe  00001ffe  000002e4  2**0
                  CONTENTS, ALLOC, LOAD, READONLY, DATA
  3 .comment      00000011  00000000  00000000  000002e6  2**0
                  CONTENTS, READONLY
  4 .debug_aranges 00000030  00000000  00000000  000002f7  2**0
                  CONTENTS, READONLY, DEBUGGING
  5 .debug_info   0000064e  00000000  00000000  00000327  2**0
                  CONTENTS, READONLY, DEBUGGING
  6 .debug_abbrev 000002c8  00000000  00000000  00000975  2**0
                  CONTENTS, READONLY, DEBUGGING
  7 .debug_line   0000039b  00000000  00000000  00000c3d  2**0
                  CONTENTS, READONLY, DEBUGGING
  8 .debug_frame  0000009c  00000000  00000000  00000fd8  2**2
                  CONTENTS, READONLY, DEBUGGING
  9 .debug_str    00000214  00000000  00000000  00001074  2**0
                  CONTENTS, READONLY, DEBUGGING
 10 .debug_loc    000003d8  00000000  00000000  00001288  2**0
                  CONTENTS, READONLY, DEBUGGING
 11 .debug_ranges 00000080  00000000  00000000  00001660  2**0
                  CONTENTS, READONLY, DEBUGGING

Disassembly of section .text:

00001d80 <pre_main>:
/* everything that needs to run VERY early */
void pre_main(void) {
  // Allow convenient way of calling do_spm function - jump table,
  //   so entry to this function will always be here, independent of compilation,
  //   features etc
  asm volatile (
    1d80:	01 c0       	rjmp	.+2      	; 0x1d84 <main>
    1d82:	1d c1       	rjmp	.+570    	; 0x1fbe <do_spm>

00001d84 <main>:
  //  SP points to RAMEND
  //  r1 contains zero
  //
  // If not, uncomment the following instructions:
  // cli();
  asm volatile ("clr __zero_reg__");
    1d84:	11 24       	eor	r1, r1
   *
   * Code by MarkG55
   * see discussion in https://github.com/Optiboot/optiboot/issues/97
   */

  ch = MCUSTATUSREG;
    1d86:	84 b7       	in	r24, 0x34	; 52

  // Skip all logic and run bootloader if MCUSR is cleared (application request)
  if (ch != 0) {
    1d88:	88 23       	and	r24, r24
    1d8a:	79 f0       	breq	.+30     	; 0x1daa <main+0x26>
     * an external reset - only useful in combination with above,
     * for some unusual use cases.
     *
     */
#if (!(defined(START_APP_ON_EXTR)||defined(NO_START_APP_ON_POR))) //normal behavior
    if ((ch & (_BV(WDRF) | _BV(EXTRF))) != _BV(EXTRF)) {                      // Run app if EXTRF not set, or WDRF and EXTRF set
    1d8c:	98 2f       	mov	r25, r24
    1d8e:	9a 70       	andi	r25, 0x0A	; 10
    1d90:	92 30       	cpi	r25, 0x02	; 2
    1d92:	59 f0       	breq	.+22     	; 0x1daa <main+0x26>
      if (ch & _BV(EXTRF)) {                                                  // Both WDRF and EXTRF are set
    1d94:	81 ff       	sbrs	r24, 1
    1d96:	03 c0       	rjmp	.+6      	; 0x1d9e <main+0x1a>
         * Clear WDRF because it was most probably set by wdr in bootloader.
         * It's also needed to avoid loop by broken application which could
         * prevent entering bootloader.
         * '&= allows CBI to be used, saves flash
         */
        MCUSTATUSREG &= ~(_BV(WDRF));
    1d98:	94 b7       	in	r25, 0x34	; 52
    1d9a:	97 7f       	andi	r25, 0xF7	; 247
    1d9c:	94 bf       	out	0x34, r25	; 52
      /*
       * save the reset flags in the designated register
       * This can be saved in a main program by putting code in .init0 (which
       * executes before normal c init code) to save R2 to a global variable.
       */
      __asm__ __volatile__ ("mov r2, %0\n" :: "r" (ch));
    1d9e:	28 2e       	mov	r2, r24

      // switch off watchdog
      watchdogConfig(WATCHDOG_OFF);
    1da0:	80 e0       	ldi	r24, 0x00	; 0
    1da2:	f8 d0       	rcall	.+496    	; 0x1f94 <watchdogConfig>
      // Note that appstart_vec is defined so that this works with either
      // real or virtual boot partitions.
       __asm__ __volatile__ (
    1da4:	e0 e1       	ldi	r30, 0x10	; 16
    1da6:	ff 27       	eor	r31, r31
    1da8:	09 94       	ijmp
#elif defined(__AVR_ATtiny25__)||defined(__AVR_ATtiny45__)||defined(__AVR_ATtiny85__)
  TCCR1 = 0x0E; //div 8196 - it's an 8-bit timer.
#elif defined(__AVR_ATtiny43__)
  #error "LED flash for Tiny43 not yet supported"
#else
  TCCR1B = _BV(CS12) | _BV(CS10); // div 1024
    1daa:	85 e0       	ldi	r24, 0x05	; 5
    1dac:	80 93 81 00 	sts	0x0081, r24	; 0x800081 <__EEPROM_REGION_LENGTH__+0x7f0081>
  UCSRC = _BV(URSEL) | _BV(UCSZ1) | _BV(UCSZ0);  // config USART; 8N1
  UBRRL = (uint8_t)BAUD_SETTING;
  #else // mega8/etc
    #ifdef LIN_UART
  //DDRB|=3;
  LINCR = (1 << LSWRES);
    1db0:	80 e8       	ldi	r24, 0x80	; 128
    1db2:	80 93 c8 00 	sts	0x00C8, r24	; 0x8000c8 <__EEPROM_REGION_LENGTH__+0x7f00c8>
  //LINBRRL = (((F_CPU * 10L / 32L / BAUD_RATE) + 5L) / 10L) - 1;
  LINBRRL=(uint8_t)BAUD_SETTING;
    1db6:	83 e1       	ldi	r24, 0x13	; 19
    1db8:	80 93 cd 00 	sts	0x00CD, r24	; 0x8000cd <__EEPROM_REGION_LENGTH__+0x7f00cd>
  LINBTR = (1 << LDISR) | (8 << LBT0);
    1dbc:	88 e8       	ldi	r24, 0x88	; 136
    1dbe:	80 93 cc 00 	sts	0x00CC, r24	; 0x8000cc <__EEPROM_REGION_LENGTH__+0x7f00cc>
  LINCR = _BV(LENA) | _BV(LCMD2) | _BV(LCMD1) | _BV(LCMD0);
    1dc2:	8f e0       	ldi	r24, 0x0F	; 15
    1dc4:	80 93 c8 00 	sts	0x00C8, r24	; 0x8000c8 <__EEPROM_REGION_LENGTH__+0x7f00c8>
  LINDAT=0;
    1dc8:	10 92 d2 00 	sts	0x00D2, r1	; 0x8000d2 <__EEPROM_REGION_LENGTH__+0x7f00d2>
  RS485_PORT &= ~_BV(RS485);
  #endif
#endif

  // Set up watchdog to trigger after 1s
  watchdogConfig(WDTPERIOD);
    1dcc:	8e e0       	ldi	r24, 0x0E	; 14
    1dce:	e2 d0       	rcall	.+452    	; 0x1f94 <watchdogConfig>

#if (LED_START_FLASHES > 0) || defined(LED_DATA_FLASH) || defined(LED_START_ON)
  /* Set LED pin as output */
  LED_DDR |= _BV(LED);
    1dd0:	0b 9a       	sbi	0x01, 3	; 1
    1dd2:	86 e0       	ldi	r24, 0x06	; 6
        TIFR = _BV(TOV1);
        while(!(TIFR & _BV(TOV1)));
    #elif defined(__AVR_ATtiny43__)
        #error "LED flash for Tiny43 not yet supported"
    #else
        TCNT1 = -(F_CPU/(1024*16));
    1dd4:	2b e9       	ldi	r18, 0x9B	; 155
    1dd6:	3b ef       	ldi	r19, 0xFB	; 251
        TIFR1 = _BV(TOV1);
    1dd8:	91 e0       	ldi	r25, 0x01	; 1
        TIFR = _BV(TOV1);
        while(!(TIFR & _BV(TOV1)));
    #elif defined(__AVR_ATtiny43__)
        #error "LED flash for Tiny43 not yet supported"
    #else
        TCNT1 = -(F_CPU/(1024*16));
    1dda:	30 93 85 00 	sts	0x0085, r19	; 0x800085 <__EEPROM_REGION_LENGTH__+0x7f0085>
    1dde:	20 93 84 00 	sts	0x0084, r18	; 0x800084 <__EEPROM_REGION_LENGTH__+0x7f0084>
        TIFR1 = _BV(TOV1);
    1de2:	96 bb       	out	0x16, r25	; 22
        while(!(TIFR1 & _BV(TOV1)));
    1de4:	b0 9b       	sbis	0x16, 0	; 22
    1de6:	fe cf       	rjmp	.-4      	; 0x1de4 <main+0x60>
    defined(__AVR_ATmega8535__) || defined(__AVR_ATmega16__)   ||    \
    defined(__AVR_ATmega162__)  || defined(__AVR_ATmega32__)   ||    \
    defined(__AVR_ATmega64__)   || defined(__AVR_ATmega128__)
    LED_PORT ^= _BV(LED);
#else
    LED_PIN |= _BV(LED);
    1de8:	03 9a       	sbi	0x00, 3	; 0
}
#endif

// Watchdog functions. These are only safe with interrupts turned off.
void watchdogReset() {
  __asm__ __volatile__ (
    1dea:	a8 95       	wdr
     *  get out of sync.  So if we see any data; stop blinking.
     */
#ifndef LIN_UART
    if (UART_SRA & _BV(RXC0))
#else
    if (LINSIR & _BV(LRXOK))
    1dec:	40 91 c9 00 	lds	r20, 0x00C9	; 0x8000c9 <__EEPROM_REGION_LENGTH__+0x7f00c9>
    1df0:	40 fd       	sbrc	r20, 0
    1df2:	02 c0       	rjmp	.+4      	; 0x1df8 <main+0x74>
    1df4:	81 50       	subi	r24, 0x01	; 1
#else
// This doesn't seem to work?
//    if ((UART_PIN & (1<<UART_RX_BIT)) == 0)
//    break;  // detect start bit on soft uart too.
#endif
  } while (--count);
    1df6:	89 f7       	brne	.-30     	; 0x1dda <main+0x56>

        /*
         * Copy data from the buffer into the flash write buffer.
         */
        do {
        __boot_page_fill_short((uint16_t)(void*)addrPtr, *(mybuff.wptr++));
    1df8:	cc 24       	eor	r12, r12
    1dfa:	c3 94       	inc	r12
        } while (len -= 2);

        /*
         * Actually Write the buffer to flash (and wait for it to finish.)
         */
        __boot_page_write_short(address.word);
    1dfc:	25 e0       	ldi	r18, 0x05	; 5
    1dfe:	b2 2e       	mov	r11, r18
        // Move RESET vector to 'save' vector
    // Save jmp targets (for "Verify")
    rstVect0_sav = buff.bptr[rstVect0];
    rstVect1_sav = buff.bptr[rstVect1];
    addr16_t vect;
    vect.word = ((uint16_t)main);
    1e00:	32 ec       	ldi	r19, 0xC2	; 194
    1e02:	e3 2e       	mov	r14, r19
    1e04:	3e e0       	ldi	r19, 0x0E	; 14
    1e06:	f3 2e       	mov	r15, r19
    buff.bptr[0] = vect.bytes[0]; // rjmp to start of bootloader
    buff.bptr[1] = vect.bytes[1] | 0xC0;  // make an "rjmp"
    1e08:	8f 2d       	mov	r24, r15
    1e0a:	80 6c       	ori	r24, 0xC0	; 192
    1e0c:	a8 2e       	mov	r10, r24
#endif

  /* Forever loop: exits by causing WDT reset */
  for (;;) {
    /* get character from UART */
    ch = getch();
    1e0e:	b6 d0       	rcall	.+364    	; 0x1f7c <getch>

    if(ch == STK_GET_PARAMETER) {
    1e10:	81 34       	cpi	r24, 0x41	; 65
    1e12:	61 f4       	brne	.+24     	; 0x1e2c <main+0xa8>
      unsigned char which = getch();
    1e14:	b3 d0       	rcall	.+358    	; 0x1f7c <getch>
    1e16:	18 2f       	mov	r17, r24
      verifySpace();
    1e18:	c3 d0       	rcall	.+390    	; 0x1fa0 <verifySpace>
      /*
       * Send optiboot version as "SW version"
       * Note that the references to memory are optimized away.
       */
      if (which == STK_SW_MINOR) {
    1e1a:	12 38       	cpi	r17, 0x82	; 130
    1e1c:	e9 f0       	breq	.+58     	; 0x1e58 <main+0xd4>
      putch(optiboot_version & 0xFF);
      } else if (which == STK_SW_MAJOR) {
    1e1e:	11 38       	cpi	r17, 0x81	; 129
    1e20:	11 f4       	brne	.+4      	; 0x1e26 <main+0xa2>
      putch(optiboot_version >> 8);
    1e22:	8b e3       	ldi	r24, 0x3B	; 59
    1e24:	01 c0       	rjmp	.+2      	; 0x1e28 <main+0xa4>
      } else {
    /*
     * GET PARAMETER returns a generic 0x03 reply for
         * other parameters - enough to keep Avrdude happy
     */
    putch(0x03);
    1e26:	83 e0       	ldi	r24, 0x03	; 3
    1e28:	a2 d0       	rcall	.+324    	; 0x1f6e <putch>
    1e2a:	9e c0       	rjmp	.+316    	; 0x1f68 <main+0x1e4>
      }
    }
    else if(ch == STK_SET_DEVICE) {
    1e2c:	82 34       	cpi	r24, 0x42	; 66
    1e2e:	11 f4       	brne	.+4      	; 0x1e34 <main+0xb0>
      // SET DEVICE is ignored
      getNch(20);
    1e30:	84 e1       	ldi	r24, 0x14	; 20
    1e32:	03 c0       	rjmp	.+6      	; 0x1e3a <main+0xb6>
    }
    else if(ch == STK_SET_DEVICE_EXT) {
    1e34:	85 34       	cpi	r24, 0x45	; 69
    1e36:	19 f4       	brne	.+6      	; 0x1e3e <main+0xba>
      // SET DEVICE EXT is ignored
      getNch(5);
    1e38:	85 e0       	ldi	r24, 0x05	; 5
    1e3a:	ba d0       	rcall	.+372    	; 0x1fb0 <getNch>
    1e3c:	95 c0       	rjmp	.+298    	; 0x1f68 <main+0x1e4>
    }
    else if(ch == STK_LOAD_ADDRESS) {
    1e3e:	85 35       	cpi	r24, 0x55	; 85
    1e40:	39 f4       	brne	.+14     	; 0x1e50 <main+0xcc>
      // LOAD ADDRESS
      address.bytes[0] = getch();
    1e42:	9c d0       	rcall	.+312    	; 0x1f7c <getch>
    1e44:	c8 2f       	mov	r28, r24
      address.bytes[1] = getch();
    1e46:	9a d0       	rcall	.+308    	; 0x1f7c <getch>
    1e48:	d8 2f       	mov	r29, r24
      }
      else {
        RAMPZ &= 0xFE;
      }
#endif
      address.word *= 2; // Convert from word address to byte address
    1e4a:	cc 0f       	add	r28, r28
    1e4c:	dd 1f       	adc	r29, r29
    1e4e:	8b c0       	rjmp	.+278    	; 0x1f66 <main+0x1e2>
      verifySpace();
    }
    else if(ch == STK_UNIVERSAL) {
    1e50:	86 35       	cpi	r24, 0x56	; 86
    1e52:	21 f4       	brne	.+8      	; 0x1e5c <main+0xd8>
        getNch(3);
        putch(0x00);
      }
#else
      // UNIVERSAL command is ignored
      getNch(4);
    1e54:	84 e0       	ldi	r24, 0x04	; 4
    1e56:	ac d0       	rcall	.+344    	; 0x1fb0 <getNch>
      putch(0x00);
    1e58:	80 e0       	ldi	r24, 0x00	; 0
    1e5a:	e6 cf       	rjmp	.-52     	; 0x1e28 <main+0xa4>
#endif
    }
    /* Write memory, length is big endian and is in bytes */
    else if(ch == STK_PROG_PAGE) {
    1e5c:	84 36       	cpi	r24, 0x64	; 100
    1e5e:	09 f0       	breq	.+2      	; 0x1e62 <main+0xde>
    1e60:	4c c0       	rjmp	.+152    	; 0x1efa <main+0x176>
      // PROGRAM PAGE - we support flash programming only, not EEPROM
      uint8_t desttype;
      uint8_t *bufPtr;
      pagelen_t savelength;

      GETLENGTH(length);
    1e62:	8c d0       	rcall	.+280    	; 0x1f7c <getch>
    1e64:	8b d0       	rcall	.+278    	; 0x1f7c <getch>
    1e66:	18 2f       	mov	r17, r24
      savelength = length;
      desttype = getch();
    1e68:	89 d0       	rcall	.+274    	; 0x1f7c <getch>
    1e6a:	08 2f       	mov	r16, r24
    1e6c:	81 2c       	mov	r8, r1
    1e6e:	99 24       	eor	r9, r9
    1e70:	93 94       	inc	r9

      // read a page worth of contents
      bufPtr = buff.bptr;
      do *bufPtr++ = getch();
    1e72:	84 d0       	rcall	.+264    	; 0x1f7c <getch>
    1e74:	f4 01       	movw	r30, r8
    1e76:	81 93       	st	Z+, r24
    1e78:	4f 01       	movw	r8, r30
      while (--length);
    1e7a:	1e 13       	cpse	r17, r30
    1e7c:	fa cf       	rjmp	.-12     	; 0x1e72 <main+0xee>

      // Read command terminator, start reply
      verifySpace();
    1e7e:	90 d0       	rcall	.+288    	; 0x1fa0 <verifySpace>

#else
/*
 * AVR with 2-byte ISR Vectors and rjmp
 */
      if (address.word == rstVect0) {
    1e80:	20 97       	sbiw	r28, 0x00	; 0
    1e82:	f1 f4       	brne	.+60     	; 0x1ec0 <main+0x13c>
        // This is the reset vector page. We need to live-patch
        // the code so the bootloader runs first.
        //
        // Move RESET vector to 'save' vector
    // Save jmp targets (for "Verify")
    rstVect0_sav = buff.bptr[rstVect0];
    1e84:	30 91 00 01 	lds	r19, 0x0100	; 0x800100 <_edata>
    1e88:	30 93 04 02 	sts	0x0204, r19	; 0x800204 <_edata+0x104>
    rstVect1_sav = buff.bptr[rstVect1];
    1e8c:	20 91 01 01 	lds	r18, 0x0101	; 0x800101 <_edata+0x1>
    1e90:	20 93 05 02 	sts	0x0205, r18	; 0x800205 <_edata+0x105>
    addr16_t vect;
    vect.word = ((uint16_t)main);
    buff.bptr[0] = vect.bytes[0]; // rjmp to start of bootloader
    buff.bptr[1] = vect.bytes[1] | 0xC0;  // make an "rjmp"
    1e94:	a0 92 01 01 	sts	0x0101, r10	; 0x800101 <_edata+0x1>
        buff.bptr[saveVect0-(SPM_PAGESIZE*(save_vect_num/(SPM_PAGESIZE/2)))] = vect.bytes[0];
        buff.bptr[saveVect1-(SPM_PAGESIZE*(save_vect_num/(SPM_PAGESIZE/2)))] = (vect.bytes[1] & 0x0F)| 0xC0;  // make an "rjmp"
      }
#else

        saveVect0_sav = buff.bptr[saveVect0];
    1e98:	40 91 20 01 	lds	r20, 0x0120	; 0x800120 <_edata+0x20>
    1e9c:	40 93 06 02 	sts	0x0206, r20	; 0x800206 <_edata+0x106>
        saveVect1_sav = buff.bptr[saveVect1];
    1ea0:	40 91 21 01 	lds	r20, 0x0121	; 0x800121 <_edata+0x21>
    1ea4:	40 93 07 02 	sts	0x0207, r20	; 0x800207 <_edata+0x107>
        vect.bytes[0] = rstVect0_sav;
    1ea8:	83 2f       	mov	r24, r19
        vect.bytes[1] = rstVect1_sav;
    1eaa:	92 2f       	mov	r25, r18
        vect.word = (vect.word-save_vect_num); //subtract 'save' interrupt position
    1eac:	40 97       	sbiw	r24, 0x10	; 16
        // Move RESET jmp target to 'save' vector
        buff.bptr[saveVect0] = vect.bytes[0];
    1eae:	80 93 20 01 	sts	0x0120, r24	; 0x800120 <_edata+0x20>
        buff.bptr[saveVect1] = (vect.bytes[1] & 0x0F)| 0xC0;  // make an "rjmp"
    1eb2:	89 2f       	mov	r24, r25
    1eb4:	8f 70       	andi	r24, 0x0F	; 15
    1eb6:	80 6c       	ori	r24, 0xC0	; 192
    1eb8:	80 93 21 01 	sts	0x0121, r24	; 0x800121 <_edata+0x21>
        // Add rjump to bootloader at RESET vector
        vect.word = ((uint16_t)main); // (main) is always <= 0x0FFF; no masking needed.
        buff.bptr[0] = vect.bytes[0]; // rjmp 0x1c00 instruction
    1ebc:	e0 92 00 01 	sts	0x0100, r14	; 0x800100 <_edata>
 * void writebuffer(memtype, buffer, address, length)
 */
static inline void writebuffer(int8_t memtype, addr16_t mybuff,
                   addr16_t address, pagelen_t len)
{
    switch (memtype) {
    1ec0:	05 34       	cpi	r16, 0x45	; 69
    1ec2:	09 f4       	brne	.+2      	; 0x1ec6 <main+0x142>
    1ec4:	ff cf       	rjmp	.-2      	; 0x1ec4 <main+0x140>
         * and we needed the space back.
         */
#ifdef FOURPAGEERASE
        if ((address.bytes[0] & ((SPM_PAGESIZE<<2)-1))==0) {
#endif
        __boot_page_erase_short(address.word);
    1ec6:	83 e0       	ldi	r24, 0x03	; 3
    1ec8:	fe 01       	movw	r30, r28
    1eca:	87 bf       	out	0x37, r24	; 55
    1ecc:	e8 95       	spm
        boot_spm_busy_wait();
    1ece:	07 b6       	in	r0, 0x37	; 55
    1ed0:	00 fc       	sbrc	r0, 0
    1ed2:	fd cf       	rjmp	.-6      	; 0x1ece <main+0x14a>
    1ed4:	a0 e0       	ldi	r26, 0x00	; 0
    1ed6:	b1 e0       	ldi	r27, 0x01	; 1
    1ed8:	fe 01       	movw	r30, r28

        /*
         * Copy data from the buffer into the flash write buffer.
         */
        do {
        __boot_page_fill_short((uint16_t)(void*)addrPtr, *(mybuff.wptr++));
    1eda:	8d 91       	ld	r24, X+
    1edc:	9d 91       	ld	r25, X+
    1ede:	0c 01       	movw	r0, r24
    1ee0:	c7 be       	out	0x37, r12	; 55
    1ee2:	e8 95       	spm
    1ee4:	11 24       	eor	r1, r1
    1ee6:	32 96       	adiw	r30, 0x02	; 2
        addrPtr += 2;
        } while (len -= 2);
    1ee8:	1a 13       	cpse	r17, r26
    1eea:	f7 cf       	rjmp	.-18     	; 0x1eda <main+0x156>

        /*
         * Actually Write the buffer to flash (and wait for it to finish.)
         */
        __boot_page_write_short(address.word);
    1eec:	fe 01       	movw	r30, r28
    1eee:	b7 be       	out	0x37, r11	; 55
    1ef0:	e8 95       	spm
        boot_spm_busy_wait();
    1ef2:	07 b6       	in	r0, 0x37	; 55
    1ef4:	00 fc       	sbrc	r0, 0
    1ef6:	fd cf       	rjmp	.-6      	; 0x1ef2 <main+0x16e>
    1ef8:	37 c0       	rjmp	.+110    	; 0x1f68 <main+0x1e4>
      writebuffer(desttype, buff, address, savelength);


    }
    /* Read memory block mode, length is big endian.  */
    else if(ch == STK_READ_PAGE) {
    1efa:	84 37       	cpi	r24, 0x74	; 116
    1efc:	39 f5       	brne	.+78     	; 0x1f4c <main+0x1c8>
      uint8_t desttype;
      GETLENGTH(length);
    1efe:	3e d0       	rcall	.+124    	; 0x1f7c <getch>
    1f00:	3d d0       	rcall	.+122    	; 0x1f7c <getch>
    1f02:	d8 2e       	mov	r13, r24

      desttype = getch();
    1f04:	3b d0       	rcall	.+118    	; 0x1f7c <getch>

      verifySpace();
    1f06:	4c d0       	rcall	.+152    	; 0x1fa0 <verifySpace>
    1f08:	8e 01       	movw	r16, r28
#endif
    default:
    do {
#ifdef VIRTUAL_BOOT_PARTITION
        // Undo vector patch in bottom page so verify passes
        if (address.word == rstVect0) ch = rstVect0_sav;
    1f0a:	01 15       	cp	r16, r1
    1f0c:	11 05       	cpc	r17, r1
    1f0e:	19 f4       	brne	.+6      	; 0x1f16 <main+0x192>
    1f10:	80 91 04 02 	lds	r24, 0x0204	; 0x800204 <_edata+0x104>
    1f14:	14 c0       	rjmp	.+40     	; 0x1f3e <main+0x1ba>
        else if (address.word == rstVect1) ch = rstVect1_sav;
    1f16:	01 30       	cpi	r16, 0x01	; 1
    1f18:	11 05       	cpc	r17, r1
    1f1a:	19 f4       	brne	.+6      	; 0x1f22 <main+0x19e>
    1f1c:	80 91 05 02 	lds	r24, 0x0205	; 0x800205 <_edata+0x105>
    1f20:	0e c0       	rjmp	.+28     	; 0x1f3e <main+0x1ba>
        else if (address.word == saveVect0) ch = saveVect0_sav;
    1f22:	00 32       	cpi	r16, 0x20	; 32
    1f24:	11 05       	cpc	r17, r1
    1f26:	19 f4       	brne	.+6      	; 0x1f2e <main+0x1aa>
    1f28:	80 91 06 02 	lds	r24, 0x0206	; 0x800206 <_edata+0x106>
    1f2c:	08 c0       	rjmp	.+16     	; 0x1f3e <main+0x1ba>
        else if (address.word == saveVect1) ch = saveVect1_sav;
    1f2e:	01 32       	cpi	r16, 0x21	; 33
    1f30:	11 05       	cpc	r17, r1
    1f32:	19 f4       	brne	.+6      	; 0x1f3a <main+0x1b6>
    1f34:	80 91 07 02 	lds	r24, 0x0207	; 0x800207 <_edata+0x107>
    1f38:	02 c0       	rjmp	.+4      	; 0x1f3e <main+0x1ba>
        else ch = pgm_read_byte_near(address.bptr);
    1f3a:	f8 01       	movw	r30, r16
    1f3c:	84 91       	lpm	r24, Z
        __asm__ ("elpm %0,Z+\n" : "=r" (ch), "=z" (address.bptr): "1" (address));
#else
        // read a Flash byte and increment the address
        __asm__ ("lpm %0,Z+\n" : "=r" (ch), "=z" (address.bptr): "1" (address));
#endif
        putch(ch);
    1f3e:	17 d0       	rcall	.+46     	; 0x1f6e <putch>
    } while (--length);
    1f40:	da 94       	dec	r13
    1f42:	0f 5f       	subi	r16, 0xFF	; 255
    1f44:	1f 4f       	sbci	r17, 0xFF	; 255
    1f46:	d1 10       	cpse	r13, r1
    1f48:	e0 cf       	rjmp	.-64     	; 0x1f0a <main+0x186>
    1f4a:	0e c0       	rjmp	.+28     	; 0x1f68 <main+0x1e4>

      read_mem(desttype, address, length);
    }

    /* Get device signature bytes  */
    else if(ch == STK_READ_SIGN) {
    1f4c:	85 37       	cpi	r24, 0x75	; 117
    1f4e:	39 f4       	brne	.+14     	; 0x1f5e <main+0x1da>
      // READ SIGN - return what Avrdude wants to hear
      verifySpace();
    1f50:	27 d0       	rcall	.+78     	; 0x1fa0 <verifySpace>
      putch(SIGNATURE_0);
    1f52:	8e e1       	ldi	r24, 0x1E	; 30
    1f54:	0c d0       	rcall	.+24     	; 0x1f6e <putch>
      putch(SIGNATURE_1);
    1f56:	83 e9       	ldi	r24, 0x93	; 147
    1f58:	0a d0       	rcall	.+20     	; 0x1f6e <putch>
      putch(SIGNATURE_2);
    1f5a:	87 e8       	ldi	r24, 0x87	; 135
    1f5c:	65 cf       	rjmp	.-310    	; 0x1e28 <main+0xa4>
    }
    else if (ch == STK_LEAVE_PROGMODE) { /* 'Q' */
    1f5e:	81 35       	cpi	r24, 0x51	; 81
    1f60:	11 f4       	brne	.+4      	; 0x1f66 <main+0x1e2>
      // Adaboot no-wait mod
      watchdogConfig(WATCHDOG_16MS);
    1f62:	88 e0       	ldi	r24, 0x08	; 8
    1f64:	17 d0       	rcall	.+46     	; 0x1f94 <watchdogConfig>
      verifySpace();
    }
    else {
      // This covers the response to commands like STK_ENTER_PROGMODE
      verifySpace();
    1f66:	1c d0       	rcall	.+56     	; 0x1fa0 <verifySpace>
    }
    putch(STK_OK);
    1f68:	80 e1       	ldi	r24, 0x10	; 16
    1f6a:	01 d0       	rcall	.+2      	; 0x1f6e <putch>
  }
    1f6c:	50 cf       	rjmp	.-352    	; 0x1e0e <main+0x8a>

00001f6e <putch>:
    #else //not RS485
      while (!(UART_SRA & _BV(UDRE0))) {  /* Spin */ }
        UART_UDR = ch;
    #endif
  #else //is LIN UART
    while (!(LINSIR & _BV(LTXOK)))   {  /* Spin */ }
    1f6e:	90 91 c9 00 	lds	r25, 0x00C9	; 0x8000c9 <__EEPROM_REGION_LENGTH__+0x7f00c9>
    1f72:	91 ff       	sbrs	r25, 1
    1f74:	fc cf       	rjmp	.-8      	; 0x1f6e <putch>
      UART_UDR = ch;
    1f76:	80 93 d2 00 	sts	0x00D2, r24	; 0x8000d2 <__EEPROM_REGION_LENGTH__+0x7f00d2>
    1f7a:	08 95       	ret

00001f7c <getch>:
#else
#ifndef LIN_UART
  while(!(UART_SRA & _BV(RXC0)))  {  /* Spin */ }
  if (!(UART_SRA & _BV(FE0))) {
#else
  while(!(LINSIR & _BV(LRXOK)))  {  /* Spin */ }
    1f7c:	80 91 c9 00 	lds	r24, 0x00C9	; 0x8000c9 <__EEPROM_REGION_LENGTH__+0x7f00c9>
    1f80:	80 ff       	sbrs	r24, 0
    1f82:	fc cf       	rjmp	.-8      	; 0x1f7c <getch>
  if (!(LINSIR & _BV(LFERR))) {
    1f84:	80 91 c9 00 	lds	r24, 0x00C9	; 0x8000c9 <__EEPROM_REGION_LENGTH__+0x7f00c9>
    1f88:	84 fd       	sbrc	r24, 4
    1f8a:	01 c0       	rjmp	.+2      	; 0x1f8e <getch+0x12>
}
#endif

// Watchdog functions. These are only safe with interrupts turned off.
void watchdogReset() {
  __asm__ __volatile__ (
    1f8c:	a8 95       	wdr
       * don't care that an invalid char is returned...)
       */
    watchdogReset();
  }

  ch = UART_UDR;
    1f8e:	80 91 d2 00 	lds	r24, 0x00D2	; 0x8000d2 <__EEPROM_REGION_LENGTH__+0x7f00d2>
  LED_PIN |= _BV(LED);
#endif
#endif

  return ch;
}
    1f92:	08 95       	ret

00001f94 <watchdogConfig>:
void watchdogConfig(uint8_t x) {
#ifdef WDCE //does it have a Watchdog Change Enable?
 #ifdef WDTCSR
  WDTCSR = _BV(WDCE) | _BV(WDE);
 #else
  WDTCR= _BV(WDCE) | _BV(WDE);
    1f94:	e0 e6       	ldi	r30, 0x60	; 96
    1f96:	f0 e0       	ldi	r31, 0x00	; 0
    1f98:	98 e1       	ldi	r25, 0x18	; 24
    1f9a:	90 83       	st	Z, r25
#endif

#ifdef WDTCSR
  WDTCSR = x;
#else
  WDTCR= x;
    1f9c:	80 83       	st	Z, r24
    1f9e:	08 95       	ret

00001fa0 <verifySpace>:
  do getch(); while (--count);
  verifySpace();
}

void verifySpace() {
  if (getch() != CRC_EOP) {
    1fa0:	ed df       	rcall	.-38     	; 0x1f7c <getch>
    1fa2:	80 32       	cpi	r24, 0x20	; 32
    1fa4:	19 f0       	breq	.+6      	; 0x1fac <verifySpace+0xc>
    watchdogConfig(WATCHDOG_16MS);    // shorten WD timeout
    1fa6:	88 e0       	ldi	r24, 0x08	; 8
    1fa8:	f5 df       	rcall	.-22     	; 0x1f94 <watchdogConfig>
    1faa:	ff cf       	rjmp	.-2      	; 0x1faa <verifySpace+0xa>
    while (1)                  // and busy-loop so that WD causes
      ;                      //  a reset and app start.
  }
  putch(STK_INSYNC);
    1fac:	84 e1       	ldi	r24, 0x14	; 20
    1fae:	df cf       	rjmp	.-66     	; 0x1f6e <putch>

00001fb0 <getNch>:
    ::[count] "M" (UART_B_VALUE)
  );
}
#endif

void getNch(uint8_t count) {
    1fb0:	cf 93       	push	r28
    1fb2:	c8 2f       	mov	r28, r24
  do getch(); while (--count);
    1fb4:	e3 df       	rcall	.-58     	; 0x1f7c <getch>
    1fb6:	c1 50       	subi	r28, 0x01	; 1
    1fb8:	e9 f7       	brne	.-6      	; 0x1fb4 <getNch+0x4>
  verifySpace();
}
    1fba:	cf 91       	pop	r28
}
#endif

void getNch(uint8_t count) {
  do getch(); while (--count);
  verifySpace();
    1fbc:	f1 cf       	rjmp	.-30     	; 0x1fa0 <verifySpace>

00001fbe <do_spm>:
 *   data=0 in WRITE
 */
static void do_spm(uint16_t address, uint8_t command, uint16_t data)  __attribute__ ((used));
static void do_spm(uint16_t address, uint8_t command, uint16_t data) {
    // Do spm stuff
    asm volatile (
    1fbe:	fc 01       	movw	r30, r24
    1fc0:	0a 01       	movw	r0, r20
    1fc2:	67 bf       	out	0x37, r22	; 55
    1fc4:	e8 95       	spm
    1fc6:	11 24       	eor	r1, r1
    );

    // wait for spm to complete
    //   it doesn't have much sense for __BOOT_PAGE_FILL,
    //   but it doesn't hurt and saves some bytes on 'if'
    boot_spm_busy_wait();
    1fc8:	07 b6       	in	r0, 0x37	; 55
    1fca:	00 fc       	sbrc	r0, 0
    1fcc:	fd cf       	rjmp	.-6      	; 0x1fc8 <do_spm+0xa>
    if ((command & (_BV(PGWRT)|_BV(PGERS))) && (data == 0) ) {
      // Re-enable read access to flash
      __boot_rww_enable_short();
    }
#endif
}
    1fce:	08 95       	ret
